Archive member included to satisfy reference by file (symbol)

/usr/lib/x86_64-linux-gnu/libc_nonshared.a(elf-init.oS)
                              /usr/lib/gcc/x86_64-linux-gnu/4.8/../../../x86_64-linux-gnu/crt1.o (__libc_csu_init)

As-needed library included to satisfy reference by file (symbol)

libGL.so.1                    /tmp/ccqccPfi.o (glDepthMask)
libSDL2-2.0.so.0              /tmp/cc2bLVOh.o (SDL_Init)
libGLEW.so.1.10               /tmp/ccFvOTms.o (__glewUniform3fv)
libstdc++.so.6                /tmp/ccF5kzN4.o (__cxa_pure_virtual@@CXXABI_1.3)
libm.so.6                     /tmp/ccUchMC7.o (cos@@GLIBC_2.2.5)
libc.so.6                     /tmp/cc2bLVOh.o (exit@@GLIBC_2.2.5)

Discarded input sections

 .note.GNU-stack
                0x0000000000000000        0x0 /usr/lib/gcc/x86_64-linux-gnu/4.8/../../../x86_64-linux-gnu/crt1.o
 .gnu_debuglink
                0x0000000000000000        0xc /usr/lib/gcc/x86_64-linux-gnu/4.8/../../../x86_64-linux-gnu/crt1.o
 .note.GNU-stack
                0x0000000000000000        0x0 /usr/lib/gcc/x86_64-linux-gnu/4.8/../../../x86_64-linux-gnu/crti.o
 .gnu_debuglink
                0x0000000000000000        0xc /usr/lib/gcc/x86_64-linux-gnu/4.8/../../../x86_64-linux-gnu/crti.o
 .note.GNU-stack
                0x0000000000000000        0x0 /usr/lib/gcc/x86_64-linux-gnu/4.8/crtbegin.o
 .group         0x0000000000000000        0x8 /tmp/ccF5kzN4.o
 .group         0x0000000000000000        0x8 /tmp/ccF5kzN4.o
 .group         0x0000000000000000        0x8 /tmp/ccF5kzN4.o
 .group         0x0000000000000000        0x8 /tmp/ccF5kzN4.o
 .group         0x0000000000000000        0x8 /tmp/ccF5kzN4.o
 .group         0x0000000000000000        0x8 /tmp/ccF5kzN4.o
 .group         0x0000000000000000        0x8 /tmp/ccF5kzN4.o
 .group         0x0000000000000000        0x8 /tmp/ccF5kzN4.o
 .group         0x0000000000000000        0x8 /tmp/ccF5kzN4.o
 .group         0x0000000000000000        0x8 /tmp/ccF5kzN4.o
 .group         0x0000000000000000        0x8 /tmp/ccF5kzN4.o
 .group         0x0000000000000000        0x8 /tmp/ccF5kzN4.o
 .group         0x0000000000000000        0x8 /tmp/ccF5kzN4.o
 .group         0x0000000000000000        0x8 /tmp/ccF5kzN4.o
 .group         0x0000000000000000        0x8 /tmp/ccF5kzN4.o
 .note.GNU-stack
                0x0000000000000000        0x0 /tmp/ccF5kzN4.o
 .group         0x0000000000000000        0x8 /tmp/cc1rt3w1.o
 .group         0x0000000000000000        0x8 /tmp/cc1rt3w1.o
 .group         0x0000000000000000        0x8 /tmp/cc1rt3w1.o
 .group         0x0000000000000000        0x8 /tmp/cc1rt3w1.o
 .group         0x0000000000000000        0x8 /tmp/cc1rt3w1.o
 .group         0x0000000000000000        0x8 /tmp/cc1rt3w1.o
 .group         0x0000000000000000        0x8 /tmp/cc1rt3w1.o
 .group         0x0000000000000000        0x8 /tmp/cc1rt3w1.o
 .group         0x0000000000000000        0x8 /tmp/cc1rt3w1.o
 .group         0x0000000000000000        0x8 /tmp/cc1rt3w1.o
 .group         0x0000000000000000        0x8 /tmp/cc1rt3w1.o
 .group         0x0000000000000000        0x8 /tmp/cc1rt3w1.o
 .note.GNU-stack
                0x0000000000000000        0x0 /tmp/cc1rt3w1.o
 .group         0x0000000000000000        0x8 /tmp/ccycVXf1.o
 .group         0x0000000000000000        0x8 /tmp/ccycVXf1.o
 .group         0x0000000000000000        0x8 /tmp/ccycVXf1.o
 .group         0x0000000000000000        0x8 /tmp/ccycVXf1.o
 .group         0x0000000000000000        0x8 /tmp/ccycVXf1.o
 .group         0x0000000000000000        0x8 /tmp/ccycVXf1.o
 .text._ZNSt14__shared_countILN9__gnu_cxx12_Lock_policyE2EED2Ev
                0x0000000000000000       0x6d /tmp/ccycVXf1.o
 .note.GNU-stack
                0x0000000000000000        0x0 /tmp/ccycVXf1.o
 .note.GNU-stack
                0x0000000000000000        0x0 /tmp/ccEOBz40.o
 .group         0x0000000000000000        0x8 /tmp/ccHIzIF2.o
 .note.GNU-stack
                0x0000000000000000        0x0 /tmp/ccHIzIF2.o
 .group         0x0000000000000000        0x8 /tmp/ccUchMC7.o
 .group         0x0000000000000000        0x8 /tmp/ccUchMC7.o
 .group         0x0000000000000000        0x8 /tmp/ccUchMC7.o
 .group         0x0000000000000000        0x8 /tmp/ccUchMC7.o
 .group         0x0000000000000000        0x8 /tmp/ccUchMC7.o
 .group         0x0000000000000000        0x8 /tmp/ccUchMC7.o
 .group         0x0000000000000000        0x8 /tmp/ccUchMC7.o
 .group         0x0000000000000000        0x8 /tmp/ccUchMC7.o
 .group         0x0000000000000000        0x8 /tmp/ccUchMC7.o
 .group         0x0000000000000000        0x8 /tmp/ccUchMC7.o
 .group         0x0000000000000000        0x8 /tmp/ccUchMC7.o
 .text._ZNSt16_Sp_counted_baseILN9__gnu_cxx12_Lock_policyE2EE10_M_releaseEv
                0x0000000000000000       0x68 /tmp/ccUchMC7.o
 .note.GNU-stack
                0x0000000000000000        0x0 /tmp/ccUchMC7.o
 .group         0x0000000000000000        0x8 /tmp/cczZpT0e.o
 .group         0x0000000000000000        0x8 /tmp/cczZpT0e.o
[...]
Memory Configuration

Name             Origin             Length             Attributes
*default*        0x0000000000000000 0xffffffffffffffff

Linker script and memory map

LOAD /usr/lib/gcc/x86_64-linux-gnu/4.8/../../../x86_64-linux-gnu/crt1.o
LOAD /usr/lib/gcc/x86_64-linux-gnu/4.8/../../../x86_64-linux-gnu/crti.o
LOAD /usr/lib/gcc/x86_64-linux-gnu/4.8/crtbegin.o
LOAD /tmp/ccF5kzN4.o
LOAD /tmp/cc1rt3w1.o
LOAD /tmp/ccycVXf1.o
LOAD /tmp/ccEOBz40.o
LOAD /tmp/ccHIzIF2.o
LOAD /tmp/ccUchMC7.o
LOAD /tmp/cczZpT0e.o
LOAD /tmp/ccTMjAyp.o
LOAD /tmp/ccctfoYC.o
LOAD /tmp/ccKEU15S.o
LOAD /tmp/cc7tgVwb.o
LOAD /tmp/ccyTl31v.o
LOAD /tmp/ccH8fHPS.o
LOAD /tmp/ccqccPfi.o
LOAD /tmp/cc6mJ6rJ.o
LOAD /tmp/ccipWmzf.o
LOAD /tmp/ccDLKjnO.o
LOAD /tmp/ccKCnGop.o
LOAD /tmp/ccB6AxC3.o
LOAD /tmp/ccVsakkK.o
LOAD /tmp/ccFvOTms.o
LOAD /tmp/ccWE689c.o
LOAD /tmp/ccNDYeoY.o
LOAD /tmp/ccr5NhtM.o
LOAD /tmp/ccQnmFSC.o
LOAD /tmp/cc848Nyt.o
LOAD /tmp/ccvJHMkm.o
LOAD /tmp/cc2bLVOh.o
LOAD /tmp/ccY01fAg.o
LOAD /usr/lib/gcc/x86_64-linux-gnu/4.8/../../../x86_64-linux-gnu/libGL.so
LOAD /usr/lib/gcc/x86_64-linux-gnu/4.8/../../../x86_64-linux-gnu/libSDL2.so
LOAD /usr/lib/gcc/x86_64-linux-gnu/4.8/../../../x86_64-linux-gnu/libGLEW.so
LOAD /usr/lib/gcc/x86_64-linux-gnu/4.8/libstdc++.so
LOAD /usr/lib/gcc/x86_64-linux-gnu/4.8/../../../x86_64-linux-gnu/libm.so
LOAD /usr/lib/gcc/x86_64-linux-gnu/4.8/libgcc_s.so
LOAD /usr/lib/gcc/x86_64-linux-gnu/4.8/libgcc.a
LOAD /usr/lib/gcc/x86_64-linux-gnu/4.8/../../../x86_64-linux-gnu/libc.so
START GROUP
LOAD /lib/x86_64-linux-gnu/libc.so.6
LOAD /usr/lib/x86_64-linux-gnu/libc_nonshared.a
LOAD /lib/x86_64-linux-gnu/ld-linux-x86-64.so.2
END GROUP
LOAD /usr/lib/gcc/x86_64-linux-gnu/4.8/libgcc_s.so
LOAD /usr/lib/gcc/x86_64-linux-gnu/4.8/libgcc.a
LOAD /usr/lib/gcc/x86_64-linux-gnu/4.8/crtend.o
LOAD /usr/lib/gcc/x86_64-linux-gnu/4.8/../../../x86_64-linux-gnu/crtn.o
                0x0000000000400000                PROVIDE (__executable_start, 0x400000)
                0x0000000000400238                . = (0x400000 + SIZEOF_HEADERS)

.interp         0x0000000000400238       0x1c
 *(.interp)
 .interp        0x0000000000400238       0x1c /usr/lib/gcc/x86_64-linux-gnu/4.8/../../../x86_64-linux-gnu/crt1.o

.note.ABI-tag   0x0000000000400254       0x20
 .note.ABI-tag  0x0000000000400254       0x20 /usr/lib/gcc/x86_64-linux-gnu/4.8/../../../x86_64-linux-gnu/crt1.o

.note.gnu.build-id
                0x0000000000400274       0x24
 *(.note.gnu.build-id)
 .note.gnu.build-id
                0x0000000000400274       0x24 /usr/lib/gcc/x86_64-linux-gnu/4.8/../../../x86_64-linux-gnu/crt1.o

.hash
 *(.hash)

.gnu.hash       0x0000000000400298      0x158
 *(.gnu.hash)
 .gnu.hash      0x0000000000400298      0x158 /usr/lib/gcc/x86_64-linux-gnu/4.8/../../../x86_64-linux-gnu/crt1.o

.dynsym         0x00000000004003f0      0x9d8
 *(.dynsym)
 .dynsym        0x00000000004003f0      0x9d8 /usr/lib/gcc/x86_64-linux-gnu/4.8/../../../x86_64-linux-gnu/crt1.o

.dynstr         0x0000000000400dc8      0x774
 *(.dynstr)
 .dynstr        0x0000000000400dc8      0x774 /usr/lib/gcc/x86_64-linux-gnu/4.8/../../../x86_64-linux-gnu/crt1.o

.gnu.version    0x000000000040153c       0xd2
 *(.gnu.version)
 .gnu.version   0x000000000040153c       0xd2 /usr/lib/gcc/x86_64-linux-gnu/4.8/../../../x86_64-linux-gnu/crt1.o

.gnu.version_d  0x0000000000401610        0x0
 *(.gnu.version_d)
 .gnu.version_d
                0x0000000000000000        0x0 /usr/lib/gcc/x86_64-linux-gnu/4.8/../../../x86_64-linux-gnu/crt1.o

.gnu.version_r  0x0000000000401610       0xc0
 *(.gnu.version_r)
 .gnu.version_r
                0x0000000000401610       0xc0 /usr/lib/gcc/x86_64-linux-gnu/4.8/../../../x86_64-linux-gnu/crt1.o

.rela.dyn       0x00000000004016d0      0x2d0
 *(.rela.init)
 *(.rela.text .rela.text.* .rela.gnu.linkonce.t.*)
 .rela.text     0x0000000000000000        0x0 /usr/lib/gcc/x86_64-linux-gnu/4.8/../../../x86_64-linux-gnu/crt1.o
 .rela.text._ZNSt16_Sp_counted_baseILN9__gnu_cxx12_Lock_policyE2EED2Ev
                0x0000000000000000        0x0 /usr/lib/gcc/x86_64-linux-gnu/4.8/../../../x86_64-linux-gnu/crt1.o
 .rela.text._ZNSt15_Sp_counted_ptrIPN8Acidrain3KeyELN9__gnu_cxx12_Lock_policyE2EED2Ev
                0x0000000000000000        0x0 /usr/lib/gcc/x86_64-linux-gnu/4.8/../../../x86_64-linux-gnu/crt1.o
 .rela.text._ZNSt16_Sp_counted_baseILN9__gnu_cxx12_Lock_policyE2EED0Ev
                0x0000000000000000        0x0 /usr/lib/gcc/x86_64-linux-gnu/4.8/../../../x86_64-linux-gnu/crt1.o
 .rela.text._ZNSt15_Sp_counted_ptrIPN8Acidrain3KeyELN9__gnu_cxx12_Lock_policyE2EED0Ev
                0x0000000000000000        0x0 /usr/lib/gcc/x86_64-linux-gnu/4.8/../../../x86_64-linux-gnu/crt1.o
 .rela.text._ZNSt15_Sp_counted_ptrIPN8Acidrain3KeyELN9__gnu_cxx12_Lock_policyE2EE10_M_destroyEv
                0x0000000000000000        0x0 /usr/lib/gcc/x86_64-linux-gnu/4.8/../../../x86_64-linux-gnu/crt1.o
 .rela.text._ZNSt15_Sp_counted_ptrIPN8Acidrain3KeyELN9__gnu_cxx12_Lock_policyE2EE10_M_disposeEv
                0x0000000000000000        0x0 /usr/lib/gcc/x86_64-linux-gnu/4.8/../../../x86_64-linux-gnu/crt1.o
 .rela.text._ZNSt16_Sp_counted_baseILN9__gnu_cxx12_Lock_policyE2EE10_M_releaseEv
                0x0000000000000000        0x0 /usr/lib/gcc/x86_64-linux-gnu/4.8/../../../x86_64-linux-gnu/crt1.o
 .rela.text._ZNSt14__shared_countILN9__gnu_cxx12_Lock_policyE2EED2Ev
                0x0000000000000000        0x0 /usr/lib/gcc/x86_64-linux-gnu/4.8/../../../x86_64-linux-gnu/crt1.o
 .rela.text._ZNSt12__shared_ptrIN8Acidrain3KeyELN9__gnu_cxx12_Lock_policyE2EEaSERKS4_
                0x0000000000000000        0x0 /usr/lib/gcc/x86_64-linux-gnu/4.8/../../../x86_64-linux-gnu/crt1.o
 .rela.text._ZNSt6vectorIPvSaIS0_EE19_M_emplace_back_auxIIRKS0_EEEvDpOT_
                0x0000000000000000        0x0 /usr/lib/gcc/x86_64-linux-gnu/4.8/../../../x86_64-linux-gnu/crt1.o
 .rela.text._ZNSt6vectorISt10shared_ptrIN8Acidrain3KeyEESaIS3_EE19_M_emplace_back_auxIIS3_EEEvDpOT_
                0x0000000000000000        0x0 /usr/lib/gcc/x86_64-linux-gnu/4.8/../../../x86_64-linux-gnu/crt1.o
 .rela.text.unlikely
                0x0000000000000000        0x0 /usr/lib/gcc/x86_64-linux-gnu/4.8/../../../x86_64-linux-gnu/crt1.o
 .rela.text._ZN3glm6detail7tmat4x4IfLNS_9precisionE0EEaSERKS3_
                0x0000000000000000        0x0 /usr/lib/gcc/x86_64-linux-gnu/4.8/../../../x86_64-linux-gnu/crt1.o
 .rela.text._ZN3glm9translateIfLNS_9precisionE0EEENS_6detail7tmat4x4IT_XT0_EEERKS5_RKNS2_5tvec3IS4_XT0_EEE
                0x0000000000000000        0x0 /usr/lib/gcc/x86_64-linux-gnu/4.8/../../../x86_64-linux-gnu/crt1.o
 .rela.text._ZN3glm9normalizeIfLNS_9precisionE0EEENS_6detail5tvec3IT_XT0_EEERKS5_
                0x0000000000000000        0x0 /usr/lib/gcc/x86_64-linux-gnu/4.8/../../../x86_64-linux-gnu/crt1.o
 .rela.text._ZN3glm6detailmlIfLNS_9precisionE0EEENS0_7tmat4x4IT_XT0_EEERKS5_S7_
                0x0000000000000000        0x0 /usr/lib/gcc/x86_64-linux-gnu/4.8/../../../x86_64-linux-gnu/crt1.o
 .rela.text._ZN3glm6lookAtIfLNS_9precisionE0EEENS_6detail7tmat4x4IT_XT0_EEERKNS2_5tvec3IS4_XT0_EEES9_S9_
                0x0000000000000000        0x0 /usr/lib/gcc/x86_64-linux-gnu/4.8/../../../x86_64-linux-gnu/crt1.o
 .rela.text._ZNSt6vectorISt10shared_ptrIN8Acidrain3FboEESaIS3_EED2Ev
                0x0000000000000000        0x0 /usr/lib/gcc/x86_64-linux-gnu/4.8/../../../x86_64-linux-gnu/crt1.o
 .rela.text._ZNSt6vectorISt10shared_ptrIN8Acidrain4MeshEESaIS3_EED2Ev
                0x0000000000000000        0x0 /usr/lib/gcc/x86_64-linux-gnu/4.8/../../../x86_64-linux-gnu/crt1.o
 .rela.text._ZNSt6vectorISt10shared_ptrIN8Acidrain8MaterialEESaIS3_EED2Ev
                0x0000000000000000        0x0 /usr/lib/gcc/x86_64-linux-gnu/4.8/../../../x86_64-linux-gnu/crt1.o
 .rela.text._ZNSt6vectorISt10shared_ptrIN8Acidrain6ShaderEESaIS3_EED2Ev
                0x0000000000000000        0x0 /usr/lib/gcc/x86_64-linux-gnu/4.8/../../../x86_64-linux-gnu/crt1.o
 .rela.text._ZNSt6vectorISt10shared_ptrIN8Acidrain7TextureEESaIS3_EED2Ev
                0x0000000000000000        0x0 /usr/lib/gcc/x86_64-linux-gnu/4.8/../../../x86_64-linux-gnu/crt1.o
 .rela.text.startup
                0x0000000000000000        0x0 /usr/lib/gcc/x86_64-linux-gnu/4.8/../../../x86_64-linux-gnu/crt1.o
 .rela.text._ZN3glm6lengthIfLNS_9precisionE0EEET_RKNS_6detail5tvec3IS2_XT0_EEE
                0x0000000000000000        0x0 /usr/lib/gcc/x86_64-linux-gnu/4.8/../../../x86_64-linux-gnu/crt1.o
 .rela.text._ZNSt6vectorIN8Acidrain6VertexESaIS1_EE19_M_emplace_back_auxIIRKS1_EEEvDpOT_
                0x0000000000000000        0x0 /usr/lib/gcc/x86_64-linux-gnu/4.8/../../../x86_64-linux-gnu/crt1.o
 .rela.text._ZNKSt6vectorIN3glm6detail5tvec4IfLNS0_9precisionE0EEESaIS4_EE12_M_check_lenEmPKc
                0x0000000000000000        0x0 /usr/lib/gcc/x86_64-linux-gnu/4.8/../../../x86_64-linux-gnu/crt1.o
 .rela.text._ZNSt6vectorIN3glm6detail5tvec4IfLNS0_9precisionE0EEESaIS4_EE12emplace_backIIS4_EEEvDpOT_
                0x0000000000000000        0x0 /usr/lib/gcc/x86_64-linux-gnu/4.8/../../../x86_64-linux-gnu/crt1.o
 .rela.text._ZNSt6vectorIN8Acidrain5FacetESaIS1_EE19_M_emplace_back_auxIIRKS1_EEEvDpOT_
                0x0000000000000000        0x0 /usr/lib/gcc/x86_64-linux-gnu/4.8/../../../x86_64-linux-gnu/crt1.o
 .rela.text._ZNSt6vectorIN3glm6detail5tvec4IfLNS0_9precisionE0EEESaIS4_EE17_M_default_appendEm
                0x0000000000000000        0x0 /usr/lib/gcc/x86_64-linux-gnu/4.8/../../../x86_64-linux-gnu/crt1.o
 .rela.text._ZNSt8_Rb_treeIN8Acidrain18ShaderConstantTypeESt4pairIKS1_PvESt10_Select1stIS5_ESt4lessIS1_ESaIS5_EE8_M_eraseEPSt13_Rb_tree_nodeIS5_E
                0x0000000000000000        0x0 /usr/lib/gcc/x86_64-linux-gnu/4.8/../../../x86_64-linux-gnu/crt1.o
 .rela.text._ZNSt15_Sp_counted_ptrIPN8Acidrain7TextureELN9__gnu_cxx12_Lock_policyE2EED2Ev
                0x0000000000000000        0x0 /usr/lib/gcc/x86_64-linux-gnu/4.8/../../../x86_64-linux-gnu/crt1.o
 .rela.text._ZNSt15_Sp_counted_ptrIPN8Acidrain7TextureELN9__gnu_cxx12_Lock_policyE2EED0Ev
                0x0000000000000000        0x0 /usr/lib/gcc/x86_64-linux-gnu/4.8/../../../x86_64-linux-gnu/crt1.o
 .rela.text._ZNSt15_Sp_counted_ptrIPN8Acidrain7TextureELN9__gnu_cxx12_Lock_policyE2EE10_M_destroyEv
                0x0000000000000000        0x0 /usr/lib/gcc/x86_64-linux-gnu/4.8/../../../x86_64-linux-gnu/crt1.o
 .rela.text._ZNSt15_Sp_counted_ptrIPN8Acidrain4MeshELN9__gnu_cxx12_Lock_policyE2EED2Ev
                0x0000000000000000        0x0 /usr/lib/gcc/x86_64-linux-gnu/4.8/../../../x86_64-linux-gnu/crt1.o
 .rela.text._ZNSt15_Sp_counted_ptrIPN8Acidrain4MeshELN9__gnu_cxx12_Lock_policyE2EED0Ev
                0x0000000000000000        0x0 /usr/lib/gcc/x86_64-linux-gnu/4.8/../../../x86_64-linux-gnu/crt1.o
 .rela.text._ZNSt15_Sp_counted_ptrIPN8Acidrain4MeshELN9__gnu_cxx12_Lock_policyE2EE10_M_destroyEv
                0x0000000000000000        0x0 /usr/lib/gcc/x86_64-linux-gnu/4.8/../../../x86_64-linux-gnu/crt1.o
 .rela.text._ZNSt15_Sp_counted_ptrIPN8Acidrain4MeshELN9__gnu_cxx12_Lock_policyE2EE10_M_disposeEv
                0x0000000000000000        0x0 /usr/lib/gcc/x86_64-linux-gnu/4.8/../../../x86_64-linux-gnu/crt1.o
 .rela.text._ZNSt12__shared_ptrIN8Acidrain4MeshELN9__gnu_cxx12_Lock_policyE2EEC2IS1_EEPT_
                0x0000000000000000        0x0 /usr/lib/gcc/x86_64-linux-gnu/4.8/../../../x86_64-linux-gnu/crt1.o
 .rela.text._ZNSt8_Rb_treeIjSt4pairIKjiESt10_Select1stIS2_ESt4lessIjESaIS2_EE8_M_eraseEPSt13_Rb_tree_nodeIS2_E
                0x0000000000000000        0x0 /usr/lib/gcc/x86_64-linux-gnu/4.8/../../../x86_64-linux-gnu/crt1.o
 .rela.text._ZNKSt6vectorIN8Acidrain4EdgeESaIS1_EE12_M_check_lenEmPKc
                0x0000000000000000        0x0 /usr/lib/gcc/x86_64-linux-gnu/4.8/../../../x86_64-linux-gnu/crt1.o
 .rela.text._ZNSt6vectorIN8Acidrain6VertexESaIS1_EE9push_backERKS1_
                0x0000000000000000        0x0 /usr/lib/gcc/x86_64-linux-gnu/4.8/../../../x86_64-linux-gnu/crt1.o
 .rela.text._ZNSt6vectorIN8Acidrain5FacetESaIS1_EE9push_backERKS1_
                0x0000000000000000        0x0 /usr/lib/gcc/x86_64-linux-gnu/4.8/../../../x86_64-linux-gnu/crt1.o
 .rela.text._ZNSt8_Rb_treeIjSt4pairIKjiESt10_Select1stIS2_ESt4lessIjESaIS2_EE24_M_get_insert_unique_posERS1_
                0x0000000000000000        0x0 /usr/lib/gcc/x86_64-linux-gnu/4.8/../../../x86_64-linux-gnu/crt1.o
 .rela.text._ZNSt8_Rb_treeIjSt4pairIKjiESt10_Select1stIS2_ESt4lessIjESaIS2_EE29_M_get_insert_hint_unique_posESt23_Rb_tree_const_iteratorIS2_ERS1_
                0x0000000000000000        0x0 /usr/lib/gcc/x86_64-linux-gnu/4.8/../../../x86_64-linux-gnu/crt1.o
 .rela.text._ZNSt3mapIjiSt4lessIjESaISt4pairIKjiEEEixEOj
                0x0000000000000000        0x0 /usr/lib/gcc/x86_64-linux-gnu/4.8/../../../x86_64-linux-gnu/crt1.o
 .rela.text._ZNSt11__copy_moveILb1ELb1ESt26random_access_iterator_tagE8__copy_mIN8Acidrain4EdgeEEEPT_PKS5_S8_S6_
                0x0000000000000000        0x0 /usr/lib/gcc/x86_64-linux-gnu/4.8/../../../x86_64-linux-gnu/crt1.o
 .rela.text._ZNSt6vectorIN8Acidrain4EdgeESaIS1_EE9push_backERKS1_
                0x0000000000000000        0x0 /usr/lib/gcc/x86_64-linux-gnu/4.8/../../../x86_64-linux-gnu/crt1.o
 .rela.text._ZNSt6vectorIN8Acidrain4EdgeESaIS1_EE12emplace_backIIS1_EEEvDpOT_
                0x0000000000000000        0x0 /usr/lib/gcc/x86_64-linux-gnu/4.8/../../../x86_64-linux-gnu/crt1.o
 .rela.text._ZNSt15_Sp_counted_ptrIPN8Acidrain8TimelineELN9__gnu_cxx12_Lock_policyE2EED2Ev
                0x0000000000000000        0x0 /usr/lib/gcc/x86_64-linux-gnu/4.8/../../../x86_64-linux-gnu/crt1.o
 .rela.text._ZNSt15_Sp_counted_ptrIPN8Acidrain9SceneTreeELN9__gnu_cxx12_Lock_policyE2EED2Ev
                0x0000000000000000        0x0 /usr/lib/gcc/x86_64-linux-gnu/4.8/../../../x86_64-linux-gnu/crt1.o
 .rela.text._ZNSt15_Sp_counted_ptrIPN8Acidrain8TimelineELN9__gnu_cxx12_Lock_policyE2EED0Ev
                0x0000000000000000        0x0 /usr/lib/gcc/x86_64-linux-gnu/4.8/../../../x86_64-linux-gnu/crt1.o
 .rela.text._ZNSt15_Sp_counted_ptrIPN8Acidrain8TimelineELN9__gnu_cxx12_Lock_policyE2EE10_M_destroyEv
                0x0000000000000000        0x0 /usr/lib/gcc/x86_64-linux-gnu/4.8/../../../x86_64-linux-gnu/crt1.o
 .rela.text._ZNSt15_Sp_counted_ptrIPN8Acidrain9SceneTreeELN9__gnu_cxx12_Lock_policyE2EED0Ev
                0x0000000000000000        0x0 /usr/lib/gcc/x86_64-linux-gnu/4.8/../../../x86_64-linux-gnu/crt1.o
 .rela.text._ZNSt15_Sp_counted_ptrIPN8Acidrain9SceneTreeELN9__gnu_cxx12_Lock_policyE2EE10_M_destroyEv
                0x0000000000000000        0x0 /usr/lib/gcc/x86_64-linux-gnu/4.8/../../../x86_64-linux-gnu/crt1.o
 .rela.text._ZNSt15_Sp_counted_ptrIPN8Acidrain8TimelineELN9__gnu_cxx12_Lock_policyE2EE10_M_disposeEv
                0x0000000000000000        0x0 /usr/lib/gcc/x86_64-linux-gnu/4.8/../../../x86_64-linux-gnu/crt1.o
 .rela.text._ZNSt6vectorISt10shared_ptrIN8Acidrain9SceneNodeEESaIS3_EED2Ev
                0x0000000000000000        0x0 /usr/lib/gcc/x86_64-linux-gnu/4.8/../../../x86_64-linux-gnu/crt1.o
 .rela.text._ZNSt15_Sp_counted_ptrIPN8Acidrain9SceneTreeELN9__gnu_cxx12_Lock_policyE2EE10_M_disposeEv
                0x0000000000000000        0x0 /usr/lib/gcc/x86_64-linux-gnu/4.8/../../../x86_64-linux-gnu/crt1.o
 .rela.text._ZN3glm9translateIfLNS_9precisionE0EEENS_6detail7tmat4x4IT_XT0_EEERKNS2_5tvec3IS4_XT0_EEE
                0x0000000000000000        0x0 /usr/lib/gcc/x86_64-linux-gnu/4.8/../../../x86_64-linux-gnu/crt1.o
 .rela.text._ZNSt14__shared_countILN9__gnu_cxx12_Lock_policyE2EEC2ERKS2_
                0x0000000000000000        0x0 /usr/lib/gcc/x86_64-linux-gnu/4.8/../../../x86_64-linux-gnu/crt1.o
 .rela.text._ZNSt6vectorISt10shared_ptrIN8Acidrain9SceneNodeEESaIS3_EE19_M_emplace_back_auxIIRKS3_EEEvDpOT_
                0x0000000000000000        0x0 /usr/lib/gcc/x86_64-linux-gnu/4.8/../../../x86_64-linux-gnu/crt1.o
 .rela.text._ZNSt6vectorISt10shared_ptrIN8Acidrain9SceneNodeEESaIS3_EE9push_backERKS3_
                0x0000000000000000        0x0 /usr/lib/gcc/x86_64-linux-gnu/4.8/../../../x86_64-linux-gnu/crt1.o
 .rela.text._ZNSt8_Rb_treeIPKcSt4pairIKS1_iESt10_Select1stIS4_ESt4lessIS1_ESaIS4_EE8_M_eraseEPSt13_Rb_tree_nodeIS4_E
                0x0000000000000000        0x0 /usr/lib/gcc/x86_64-linux-gnu/4.8/../../../x86_64-linux-gnu/crt1.o
 .rela.text._ZNSt8_Rb_treeIPKcSt4pairIKS1_iESt10_Select1stIS4_ESt4lessIS1_ESaIS4_EE24_M_get_insert_unique_posERS3_
                0x0000000000000000        0x0 /usr/lib/gcc/x86_64-linux-gnu/4.8/../../../x86_64-linux-gnu/crt1.o
 .rela.text._ZNSt8_Rb_treeIPKcSt4pairIKS1_iESt10_Select1stIS4_ESt4lessIS1_ESaIS4_EE29_M_get_insert_hint_unique_posESt23_Rb_tree_const_iteratorIS4_ERS3_
                0x0000000000000000        0x0 /usr/lib/gcc/x86_64-linux-gnu/4.8/../../../x86_64-linux-gnu/crt1.o
 .rela.text._ZNSt3mapIPKciSt4lessIS1_ESaISt4pairIKS1_iEEEixERS5_
                0x0000000000000000        0x0 /usr/lib/gcc/x86_64-linux-gnu/4.8/../../../x86_64-linux-gnu/crt1.o
 .rela.text._ZNSt8_Rb_treeIN8Acidrain18ShaderConstantTypeESt4pairIKS1_PvESt10_Select1stIS5_ESt4lessIS1_ESaIS5_EE24_M_get_insert_unique_posERS3_
                0x0000000000000000        0x0 /usr/lib/gcc/x86_64-linux-gnu/4.8/../../../x86_64-linux-gnu/crt1.o
 .rela.text._ZNSt8_Rb_treeIN8Acidrain18ShaderConstantTypeESt4pairIKS1_PvESt10_Select1stIS5_ESt4lessIS1_ESaIS5_EE29_M_get_insert_hint_unique_posESt23_Rb_tree_const_iteratorIS5_ERS3_
                0x0000000000000000        0x0 /usr/lib/gcc/x86_64-linux-gnu/4.8/../../../x86_64-linux-gnu/crt1.o
 *(.rela.fini)
 *(.rela.rodata .rela.rodata.* .rela.gnu.linkonce.r.*)
 .rela.rodata._ZTVSt16_Sp_counted_baseILN9__gnu_cxx12_Lock_policyE2EE
                0x0000000000000000        0x0 /usr/lib/gcc/x86_64-linux-gnu/4.8/../../../x86_64-linux-gnu/crt1.o
 .rela.rodata._ZTVSt15_Sp_counted_ptrIPN8Acidrain3KeyELN9__gnu_cxx12_Lock_policyE2EE
                0x0000000000000000        0x0 /usr/lib/gcc/x86_64-linux-gnu/4.8/../../../x86_64-linux-gnu/crt1.o
 .rela.rodata._ZTVN8Acidrain8DemoPartE
                0x0000000000000000        0x0 /usr/lib/gcc/x86_64-linux-gnu/4.8/../../../x86_64-linux-gnu/crt1.o
 .rela.rodata._ZTVSt15_Sp_counted_ptrIPN8Acidrain7TextureELN9__gnu_cxx12_Lock_policyE2EE
                0x0000000000000000        0x0 /usr/lib/gcc/x86_64-linux-gnu/4.8/../../../x86_64-linux-gnu/crt1.o
 .rela.rodata._ZTVN8Acidrain9LightNodeE
                0x0000000000000000        0x0 /usr/lib/gcc/x86_64-linux-gnu/4.8/../../../x86_64-linux-gnu/crt1.o
 .rela.rodata._ZTVSt15_Sp_counted_ptrIPN8Acidrain4MeshELN9__gnu_cxx12_Lock_policyE2EE
                0x0000000000000000        0x0 /usr/lib/gcc/x86_64-linux-gnu/4.8/../../../x86_64-linux-gnu/crt1.o
 .rela.rodata._ZTVN8Acidrain8MeshNodeE
                0x0000000000000000        0x0 /usr/lib/gcc/x86_64-linux-gnu/4.8/../../../x86_64-linux-gnu/crt1.o
 .rela.rodata._ZTVSt15_Sp_counted_ptrIPN8Acidrain9SceneTreeELN9__gnu_cxx12_Lock_policyE2EE
                0x0000000000000000        0x0 /usr/lib/gcc/x86_64-linux-gnu/4.8/../../../x86_64-linux-gnu/crt1.o
 .rela.rodata._ZTVSt15_Sp_counted_ptrIPN8Acidrain8TimelineELN9__gnu_cxx12_Lock_policyE2EE
                0x0000000000000000        0x0 /usr/lib/gcc/x86_64-linux-gnu/4.8/../../../x86_64-linux-gnu/crt1.o
 *(.rela.data .rela.data.* .rela.gnu.linkonce.d.*)
 *(.rela.tdata .rela.tdata.* .rela.gnu.linkonce.td.*)
 *(.rela.tbss .rela.tbss.* .rela.gnu.linkonce.tb.*)
 *(.rela.ctors)
 *(.rela.dtors)
 *(.rela.got)
 .rela.got      0x00000000004016d0       0x18 /usr/lib/gcc/x86_64-linux-gnu/4.8/../../../x86_64-linux-gnu/crt1.o
 *(.rela.bss .rela.bss.* .rela.gnu.linkonce.b.*)
 .rela.bss      0x00000000004016e8      0x2b8 /usr/lib/gcc/x86_64-linux-gnu/4.8/../../../x86_64-linux-gnu/crt1.o
 *(.rela.ldata .rela.ldata.* .rela.gnu.linkonce.l.*)
 *(.rela.lbss .rela.lbss.* .rela.gnu.linkonce.lb.*)
 *(.rela.lrodata .rela.lrodata.* .rela.gnu.linkonce.lr.*)
 *(.rela.ifunc)

.rela.plt       0x00000000004019a0      0x648
 *(.rela.plt)
 .rela.plt      0x00000000004019a0      0x648 /usr/lib/gcc/x86_64-linux-gnu/4.8/../../../x86_64-linux-gnu/crt1.o
                0x0000000000401fe8                PROVIDE (__rela_iplt_start, .)
 *(.rela.iplt)
 .rela.iplt     0x0000000000000000        0x0 /usr/lib/gcc/x86_64-linux-gnu/4.8/../../../x86_64-linux-gnu/crt1.o
                0x0000000000401fe8                PROVIDE (__rela_iplt_end, .)

.init           0x0000000000401fe8       0x1a
 *(SORT(.init))
 .init          0x0000000000401fe8       0x15 /usr/lib/gcc/x86_64-linux-gnu/4.8/../../../x86_64-linux-gnu/crti.o
                0x0000000000401fe8                _init
 .init          0x0000000000401ffd        0x5 /usr/lib/gcc/x86_64-linux-gnu/4.8/../../../x86_64-linux-gnu/crtn.o

.plt            0x0000000000402010      0x440
 *(.plt)
 .plt           0x0000000000402010      0x440 /usr/lib/gcc/x86_64-linux-gnu/4.8/../../../x86_64-linux-gnu/crt1.o
                0x0000000000402020                SDL_DestroyWindow
                0x0000000000402030                operator new[](unsigned long)@@GLIBCXX_3.4
                0x0000000000402040                glDrawArrays
                0x0000000000402050                SDL_CreateWindow
                0x0000000000402060                std::chrono::_V2::system_clock::now()@@GLIBCXX_3.4.19
                0x0000000000402070                SDL_Quit
                0x0000000000402080                SDL_GL_DeleteContext
                0x0000000000402090                std::_Rb_tree_insert_and_rebalance(bool, std::_Rb_tree_node_base*, std::_Rb_tree_node_base*, std::_Rb_tree_node_base&)@@GLIBCXX_3.4
                0x00000000004020a0                glFrontFace
                0x00000000004020b0                sin@@GLIBC_2.2.5
                0x00000000004020c0                glClear
                0x00000000004020d0                glDisable
                0x00000000004020e0                glViewport
                0x00000000004020f0                glMateriali
                0x0000000000402100                SDL_GL_CreateContext
                0x0000000000402110                std::__throw_bad_alloc()@@GLIBCXX_3.4
                0x0000000000402120                SDL_GL_SetSwapInterval
                0x0000000000402130                glTexImage2D
                0x0000000000402140                sincosf@@GLIBC_2.2.5
                0x0000000000402150                memcmp@@GLIBC_2.2.5
                0x0000000000402160                std::__throw_length_error(char const*)@@GLIBCXX_3.4
                0x0000000000402170                std::basic_string<char, std::char_traits<char>, std::allocator<char> >::basic_string(std::string const&)@@GLIBCXX_3.4
                0x0000000000402180                glDepthMask
                0x0000000000402190                glDisableClientState
                0x00000000004021a0                SDL_PollEvent
                0x00000000004021b0                sincos@@GLIBC_2.2.5
                0x00000000004021c0                glEnableClientState
                0x00000000004021d0                __assert_fail@@GLIBC_2.2.5
                0x00000000004021e0                std::_Rb_tree_increment(std::_Rb_tree_node_base*)@@GLIBCXX_3.4
                0x00000000004021f0                sqrt@@GLIBC_2.2.5
                0x0000000000402200                glBlendFunc
                0x0000000000402210                glewInit
                0x0000000000402220                __cxa_atexit@@GLIBC_2.2.5
                0x0000000000402230                SDL_Init
                0x0000000000402240                glEnable
                0x0000000000402250                operator delete(void*)@@GLIBCXX_3.4
                0x0000000000402260                operator new(unsigned long)@@GLIBCXX_3.4
                0x0000000000402270                glVertexPointer
                0x0000000000402280                std::_Rb_tree_decrement(std::_Rb_tree_node_base*)@@GLIBCXX_3.4
                0x0000000000402290                __stack_chk_fail@@GLIBC_2.4
                0x00000000004022a0                exit@@GLIBC_2.2.5
                0x00000000004022b0                glBindTexture
                0x00000000004022c0                operator delete[](void*)@@GLIBCXX_3.4
                0x00000000004022d0                glCullFace
                0x00000000004022e0                glDeleteTextures
                0x00000000004022f0                glTexParameteri
                0x0000000000402300                glTexEnvf
                0x0000000000402310                glGenTextures
                0x0000000000402320                glewGetErrorString
                0x0000000000402330                SDL_GL_SwapWindow
                0x0000000000402340                tanf@@GLIBC_2.2.5
                0x0000000000402350                glClearColor
                0x0000000000402360                std::ios_base::Init::Init()@@GLIBCXX_3.4
                0x0000000000402370                std::basic_string<char, std::char_traits<char>, std::allocator<char> >::~basic_string()@@GLIBCXX_3.4
                0x0000000000402380                memmove@@GLIBC_2.2.5
                0x0000000000402390                __fprintf_chk@@GLIBC_2.3.4
                0x00000000004023a0                __pthread_key_create@@GLIBC_2.2.5
                0x00000000004023b0                glNormalPointer
                0x00000000004023c0                SDL_GL_SetAttribute
                0x00000000004023d0                sqrtf@@GLIBC_2.2.5
                0x00000000004023e0                cos@@GLIBC_2.2.5
                0x00000000004023f0                __libc_start_main@@GLIBC_2.2.5
                0x0000000000402410                __cxa_pure_virtual@@CXXABI_1.3
                0x0000000000402420                glMaterialfv
                0x0000000000402430                glTexCoordPointer
                0x0000000000402440                std::ios_base::Init::~Init()@@GLIBCXX_3.4
 *(.iplt)
 .iplt          0x0000000000000000        0x0 /usr/lib/gcc/x86_64-linux-gnu/4.8/../../../x86_64-linux-gnu/crt1.o

.text           0x0000000000402450     0x78b2
 *(.text.unlikely .text.*_unlikely .text.unlikely.*)
 .text.unlikely
                0x0000000000402450       0x4e /tmp/cc1rt3w1.o
 .text.unlikely
                0x000000000040249e       0x1a /tmp/ccUchMC7.o
 .text.unlikely
                0x00000000004024b8       0x1a /tmp/ccTMjAyp.o
 .text.unlikely
                0x00000000004024d2       0x1a /tmp/ccqccPfi.o
 .text.unlikely
                0x00000000004024ec       0x1a /tmp/cc6mJ6rJ.o
 .text.unlikely
                0x0000000000402506       0x4e /tmp/ccB6AxC3.o
 *(.text.exit .text.exit.*)
 *(.text.startup .text.startup.*)
 .text.startup  0x0000000000402554      0x10b /tmp/ccycVXf1.o
 .text.startup  0x000000000040265f       0x20 /tmp/ccctfoYC.o
 .text.startup  0x000000000040267f       0x20 /tmp/ccipWmzf.o
 .text.startup  0x000000000040269f       0x71 /tmp/ccY01fAg.o
                0x000000000040269f                main
 *(.text.hot .text.hot.*)
 *(.text .stub .text.* .gnu.linkonce.t.*)
 .text          0x0000000000402710       0x2a /usr/lib/gcc/x86_64-linux-gnu/4.8/../../../x86_64-linux-gnu/crt1.o
                0x0000000000402710                _start
 .text          0x000000000040273a        0x0 /usr/lib/gcc/x86_64-linux-gnu/4.8/../../../x86_64-linux-gnu/crti.o
 *fill*         0x000000000040273a        0x6 
 .text          0x0000000000402740       0xbd /usr/lib/gcc/x86_64-linux-gnu/4.8/crtbegin.o
 *fill*         0x00000000004027fd        0x1 
 .text          0x00000000004027fe      0x1c4 /tmp/ccF5kzN4.o
                0x00000000004027fe                Acidrain::AnimationTrack::setAt(float)
                0x00000000004028ec                Acidrain::AnimationTrack::addControlledObject(void*)
                0x0000000000402922                Acidrain::AnimationTrack::addKey(Acidrain::Key*)
 .text._ZNSt16_Sp_counted_baseILN9__gnu_cxx12_Lock_policyE2EE10_M_destroyEv
                0x00000000004029c2        0xf /tmp/ccF5kzN4.o
                0x00000000004029c2                std::_Sp_counted_base<(__gnu_cxx::_Lock_policy)2>::_M_destroy()
 *fill*         0x00000000004029d1        0x1 
 .text._ZNSt16_Sp_counted_baseILN9__gnu_cxx12_Lock_policyE2EED2Ev
                0x00000000004029d2        0x8 /tmp/ccF5kzN4.o
                0x00000000004029d2                std::_Sp_counted_base<(__gnu_cxx::_Lock_policy)2>::~_Sp_counted_base()
                0x00000000004029d2                std::_Sp_counted_base<(__gnu_cxx::_Lock_policy)2>::~_Sp_counted_base()
 .text._ZNSt15_Sp_counted_ptrIPN8Acidrain3KeyELN9__gnu_cxx12_Lock_policyE2EED2Ev
                0x00000000004029da        0x8 /tmp/ccF5kzN4.o
                0x00000000004029da                std::_Sp_counted_ptr<Acidrain::Key*, (__gnu_cxx::_Lock_policy)2>::~_Sp_counted_ptr()
                0x00000000004029da                std::_Sp_counted_ptr<Acidrain::Key*, (__gnu_cxx::_Lock_policy)2>::~_Sp_counted_ptr()
 .text._ZNSt15_Sp_counted_ptrIPN8Acidrain3KeyELN9__gnu_cxx12_Lock_policyE2EE14_M_get_deleterERKSt9type_info
                0x00000000004029e2        0x3 /tmp/ccF5kzN4.o
                0x00000000004029e2                std::_Sp_counted_ptr<Acidrain::Key*, (__gnu_cxx::_Lock_policy)2>::_M_get_deleter(std::type_info const&)
 *fill*         0x00000000004029e5        0x1 
 .text._ZNSt16_Sp_counted_baseILN9__gnu_cxx12_Lock_policyE2EED0Ev
                0x00000000004029e6        0xc /tmp/ccF5kzN4.o
                0x00000000004029e6                std::_Sp_counted_base<(__gnu_cxx::_Lock_policy)2>::~_Sp_counted_base()
 .text._ZNSt15_Sp_counted_ptrIPN8Acidrain3KeyELN9__gnu_cxx12_Lock_policyE2EED0Ev
                0x00000000004029f2        0xc /tmp/ccF5kzN4.o
                0x00000000004029f2                std::_Sp_counted_ptr<Acidrain::Key*, (__gnu_cxx::_Lock_policy)2>::~_Sp_counted_ptr()
 .text._ZNSt15_Sp_counted_ptrIPN8Acidrain3KeyELN9__gnu_cxx12_Lock_policyE2EE10_M_destroyEv
                0x00000000004029fe        0xb /tmp/ccF5kzN4.o
                0x00000000004029fe                std::_Sp_counted_ptr<Acidrain::Key*, (__gnu_cxx::_Lock_policy)2>::_M_destroy()
 *fill*         0x0000000000402a09        0x1 
 .text._ZNSt15_Sp_counted_ptrIPN8Acidrain3KeyELN9__gnu_cxx12_Lock_policyE2EE10_M_disposeEv
                0x0000000000402a0a        0x9 /tmp/ccF5kzN4.o
                0x0000000000402a0a                std::_Sp_counted_ptr<Acidrain::Key*, (__gnu_cxx::_Lock_policy)2>::_M_dispose()
 *fill*         0x0000000000402a13        0x1 
 .text._ZNSt16_Sp_counted_baseILN9__gnu_cxx12_Lock_policyE2EE10_M_releaseEv
                0x0000000000402a14       0x68 /tmp/ccF5kzN4.o
                0x0000000000402a14                std::_Sp_counted_base<(__gnu_cxx::_Lock_policy)2>::_M_release()
 .text._ZNSt14__shared_countILN9__gnu_cxx12_Lock_policyE2EED2Ev
                0x0000000000402a7c        0xe /tmp/ccF5kzN4.o
                0x0000000000402a7c                std::__shared_count<(__gnu_cxx::_Lock_policy)2>::~__shared_count()
                0x0000000000402a7c                std::__shared_count<(__gnu_cxx::_Lock_policy)2>::~__shared_count()
 .text._ZNSt12__shared_ptrIN8Acidrain3KeyELN9__gnu_cxx12_Lock_policyE2EEaSERKS4_
                0x0000000000402a8a       0x4a /tmp/ccF5kzN4.o
                0x0000000000402a8a                std::__shared_ptr<Acidrain::Key, (__gnu_cxx::_Lock_policy)2>::operator=(std::__shared_ptr<Acidrain::Key, (__gnu_cxx::_Lock_policy)2> const&)
 .text._ZNSt6vectorIPvSaIS0_EE19_M_emplace_back_auxIIRKS0_EEEvDpOT_
                0x0000000000402ad4       0xb2 /tmp/ccF5kzN4.o
                0x0000000000402ad4                void std::vector<void*, std::allocator<void*> >::_M_emplace_back_aux<void* const&>(void* const&)
                0x0000000000402ad4                void std::vector<void*, std::allocator<void*> >::_M_emplace_back_aux<void* const&>(void* const&)
 .text._ZNSt6vectorISt10shared_ptrIN8Acidrain3KeyEESaIS3_EE19_M_emplace_back_auxIIS3_EEEvDpOT_
                0x0000000000402b86      0x11a /tmp/ccF5kzN4.o
                0x0000000000402b86                void std::vector<std::shared_ptr<Acidrain::Key>, std::allocator<std::shared_ptr<Acidrain::Key> > >::_M_emplace_back_aux<std::shared_ptr<Acidrain::Key> >(std::shared_ptr<Acidrain::Key>&&)
                0x0000000000402b86                void std::vector<std::shared_ptr<Acidrain::Key>, std::allocator<std::shared_ptr<Acidrain::Key> > >::_M_emplace_back_aux<std::shared_ptr<Acidrain::Key> >(std::shared_ptr<Acidrain::Key>&&)
 .text          0x0000000000402ca0      0x361 /tmp/cc1rt3w1.o
                0x0000000000402cd6                Acidrain::CameraNode::CameraNode()
                0x0000000000402cd6                Acidrain::CameraNode::CameraNode()
                0x0000000000402dea                Acidrain::CameraNode::calculateLocalTransform()
 *fill*         0x0000000000403001        0x1 
 .text._ZN3glm6detail7tmat4x4IfLNS_9precisionE0EEC2ERKf
                0x0000000000403002       0xa3 /tmp/cc1rt3w1.o
                0x0000000000403002                glm::detail::tmat4x4<float, (glm::precision)0>::tmat4x4(float const&)
                0x0000000000403002                glm::detail::tmat4x4<float, (glm::precision)0>::tmat4x4(float const&)
 *fill*         0x00000000004030a5        0x1 
 .text._ZN3glm6detail7tmat4x4IfLNS_9precisionE0EEC2Ev
                0x00000000004030a6       0x9b /tmp/cc1rt3w1.o
                0x00000000004030a6                glm::detail::tmat4x4<float, (glm::precision)0>::tmat4x4()
                0x00000000004030a6                glm::detail::tmat4x4<float, (glm::precision)0>::tmat4x4()
 *fill*         0x0000000000403141        0x1 
 .text._ZN3glm6detail5tvec4IfLNS_9precisionE0EEaSERKS3_
                0x0000000000403142       0x2a /tmp/cc1rt3w1.o
                0x0000000000403142                glm::detail::tvec4<float, (glm::precision)0>::operator=(glm::detail::tvec4<float, (glm::precision)0> const&)
 .text._ZN3glm6detail7tmat4x4IfLNS_9precisionE0EEaSERKS3_
                0x000000000040316c       0x3c /tmp/cc1rt3w1.o
                0x000000000040316c                glm::detail::tmat4x4<float, (glm::precision)0>::operator=(glm::detail::tmat4x4<float, (glm::precision)0> const&)
 .text._ZN3glm6detailplIfLNS_9precisionE0EEENS0_5tvec4IT_XT0_EEERKS5_S7_
                0x00000000004031a8       0x3d /tmp/cc1rt3w1.o
                0x00000000004031a8                glm::detail::tvec4<float, (glm::precision)0> glm::detail::operator+<float, (glm::precision)0>(glm::detail::tvec4<float, (glm::precision)0> const&, glm::detail::tvec4<float, (glm::precision)0> const&)
 .text._ZN3glm9translateIfLNS_9precisionE0EEENS_6detail7tmat4x4IT_XT0_EEERKS5_RKNS2_5tvec3IS4_XT0_EEE
                0x00000000004031e5      0x11e /tmp/cc1rt3w1.o
                0x00000000004031e5                glm::detail::tmat4x4<float, (glm::precision)0> glm::translate<float, (glm::precision)0>(glm::detail::tmat4x4<float, (glm::precision)0> const&, glm::detail::tvec3<float, (glm::precision)0> const&)
 .text._ZN3glm9normalizeIfLNS_9precisionE0EEENS_6detail5tvec3IT_XT0_EEERKS5_
                0x0000000000403303       0x89 /tmp/cc1rt3w1.o
                0x0000000000403303                glm::detail::tvec3<float, (glm::precision)0> glm::normalize<float, (glm::precision)0>(glm::detail::tvec3<float, (glm::precision)0> const&)
 .text._ZN3glm5crossIfLNS_9precisionE0EEENS_6detail5tvec3IT_XT0_EEERKS5_S7_
                0x000000000040338c       0x58 /tmp/cc1rt3w1.o
                0x000000000040338c                glm::detail::tvec3<float, (glm::precision)0> glm::cross<float, (glm::precision)0>(glm::detail::tvec3<float, (glm::precision)0> const&, glm::detail::tvec3<float, (glm::precision)0> const&)
 .text._ZN3glm6detailmlIfLNS_9precisionE0EEENS0_7tmat4x4IT_XT0_EEERKS5_S7_
                0x00000000004033e4      0x500 /tmp/cc1rt3w1.o
                0x00000000004033e4                glm::detail::tmat4x4<float, (glm::precision)0> glm::detail::operator*<float, (glm::precision)0>(glm::detail::tmat4x4<float, (glm::precision)0> const&, glm::detail::tmat4x4<float, (glm::precision)0> const&)
 .text._ZN3glm6detail11compute_dotINS0_5tvec3EfLNS_9precisionE0EE4callERKNS2_IfLS3_0EEES7_
                0x00000000004038e4       0x25 /tmp/cc1rt3w1.o
                0x00000000004038e4                glm::detail::compute_dot<glm::detail::tvec3, float, (glm::precision)0>::call(glm::detail::tvec3<float, (glm::precision)0> const&, glm::detail::tvec3<float, (glm::precision)0> const&)
 .text._ZN3glm6lookAtIfLNS_9precisionE0EEENS_6detail7tmat4x4IT_XT0_EEERKNS2_5tvec3IS4_XT0_EEES9_S9_
                0x0000000000403909      0x15f /tmp/cc1rt3w1.o
                0x0000000000403909                glm::detail::tmat4x4<float, (glm::precision)0> glm::lookAt<float, (glm::precision)0>(glm::detail::tvec3<float, (glm::precision)0> const&, glm::detail::tvec3<float, (glm::precision)0> const&, glm::detail::tvec3<float, (glm::precision)0> const&)
 .text          0x0000000000403a68        0x0 /tmp/ccycVXf1.o
 .text._ZNSt6vectorISt10shared_ptrIN8Acidrain3FboEESaIS3_EED2Ev
                0x0000000000403a68       0x39 /tmp/ccycVXf1.o
                0x0000000000403a68                std::vector<std::shared_ptr<Acidrain::Fbo>, std::allocator<std::shared_ptr<Acidrain::Fbo> > >::~vector()
                0x0000000000403a68                std::vector<std::shared_ptr<Acidrain::Fbo>, std::allocator<std::shared_ptr<Acidrain::Fbo> > >::~vector()
 *fill*         0x0000000000403aa1        0x1 
 .text._ZNSt6vectorISt10shared_ptrIN8Acidrain4MeshEESaIS3_EED2Ev
                0x0000000000403aa2       0x39 /tmp/ccycVXf1.o
                0x0000000000403aa2                std::vector<std::shared_ptr<Acidrain::Mesh>, std::allocator<std::shared_ptr<Acidrain::Mesh> > >::~vector()
                0x0000000000403aa2                std::vector<std::shared_ptr<Acidrain::Mesh>, std::allocator<std::shared_ptr<Acidrain::Mesh> > >::~vector()
 *fill*         0x0000000000403adb        0x1 
 .text._ZNSt6vectorISt10shared_ptrIN8Acidrain8MaterialEESaIS3_EED2Ev
                0x0000000000403adc       0x39 /tmp/ccycVXf1.o
                0x0000000000403adc                std::vector<std::shared_ptr<Acidrain::Material>, std::allocator<std::shared_ptr<Acidrain::Material> > >::~vector()
                0x0000000000403adc                std::vector<std::shared_ptr<Acidrain::Material>, std::allocator<std::shared_ptr<Acidrain::Material> > >::~vector()
 *fill*         0x0000000000403b15        0x1 
 .text._ZNSt6vectorISt10shared_ptrIN8Acidrain6ShaderEESaIS3_EED2Ev
                0x0000000000403b16       0x39 /tmp/ccycVXf1.o
                0x0000000000403b16                std::vector<std::shared_ptr<Acidrain::Shader>, std::allocator<std::shared_ptr<Acidrain::Shader> > >::~vector()
                0x0000000000403b16                std::vector<std::shared_ptr<Acidrain::Shader>, std::allocator<std::shared_ptr<Acidrain::Shader> > >::~vector()
 *fill*         0x0000000000403b4f        0x1 
 .text._ZNSt6vectorISt10shared_ptrIN8Acidrain7TextureEESaIS3_EED2Ev
                0x0000000000403b50       0x39 /tmp/ccycVXf1.o
                0x0000000000403b50                std::vector<std::shared_ptr<Acidrain::Texture>, std::allocator<std::shared_ptr<Acidrain::Texture> > >::~vector()
                0x0000000000403b50                std::vector<std::shared_ptr<Acidrain::Texture>, std::allocator<std::shared_ptr<Acidrain::Texture> > >::~vector()
 .text          0x0000000000403b89        0x0 /tmp/ccEOBz40.o
 *fill*         0x0000000000403b89        0x1 
 .text          0x0000000000403b8a       0x49 /tmp/ccHIzIF2.o
                0x0000000000403b8a                Acidrain::DemoPartClear::process(float)
 *fill*         0x0000000000403bd3        0x1 
 .text          0x0000000000403bd4      0xdfb /tmp/ccUchMC7.o
                0x0000000000403bd4                Acidrain::MarchingCubesGrid::calculateCellVertices(int, int, int)
                0x0000000000403c1a                Acidrain::MarchingCubesGrid::classifyCell(float)
                0x0000000000403c4a                Acidrain::MarchingCubesGrid::intersection(int, int, float)
                0x0000000000403cea                Acidrain::MarchingCubesGrid::calculateIntersectionVertices(int, float)
                0x0000000000404060                Acidrain::ForceField::getFieldValueAt(glm::detail::tvec3<float, (glm::precision)0> const&) const
                0x00000000004040e6                Acidrain::ForceField::getFieldNormalAt(glm::detail::tvec3<float, (glm::precision)0> const&) const
                0x0000000000404260                Acidrain::DemoPartMarchingCubes::DemoPartMarchingCubes(std::shared_ptr<Acidrain::Mesh>)
                0x0000000000404260                Acidrain::DemoPartMarchingCubes::DemoPartMarchingCubes(std::shared_ptr<Acidrain::Mesh>)
                0x00000000004043fa                Acidrain::MarchingCubesGrid::addResultingFacets(Acidrain::Mesh&, int)
                0x00000000004045e6                Acidrain::MarchingCubesGrid::triangulate(Acidrain::Mesh&, float)
                0x000000000040469c                Acidrain::MarchingCubesGrid::evaluateForces(Acidrain::ForceField&)
                0x000000000040483e                Acidrain::DemoPartMarchingCubes::process(float)
 .text._ZN3glm6lengthIfLNS_9precisionE0EEET_RKNS_6detail5tvec3IS2_XT0_EEE
                0x00000000004049cf       0x35 /tmp/ccUchMC7.o
                0x00000000004049cf                float glm::length<float, (glm::precision)0>(glm::detail::tvec3<float, (glm::precision)0> const&)
 .text._ZNSt6vectorIN8Acidrain6VertexESaIS1_EE19_M_emplace_back_auxIIRKS1_EEEvDpOT_
                0x0000000000404a04      0x16b /tmp/ccUchMC7.o
                0x0000000000404a04                void std::vector<Acidrain::Vertex, std::allocator<Acidrain::Vertex> >::_M_emplace_back_aux<Acidrain::Vertex const&>(Acidrain::Vertex const&)
                0x0000000000404a04                void std::vector<Acidrain::Vertex, std::allocator<Acidrain::Vertex> >::_M_emplace_back_aux<Acidrain::Vertex const&>(Acidrain::Vertex const&)
 *fill*         0x0000000000404b6f        0x1 
 .text._ZNKSt6vectorIN3glm6detail5tvec4IfLNS0_9precisionE0EEESaIS4_EE12_M_check_lenEmPKc
                0x0000000000404b70       0x3d /tmp/ccUchMC7.o
                0x0000000000404b70                std::vector<glm::detail::tvec4<float, (glm::precision)0>, std::allocator<glm::detail::tvec4<float, (glm::precision)0> > >::_M_check_len(unsigned long, char const*) const
 *fill*         0x0000000000404bad        0x1 
 .text._ZNSt6vectorIN3glm6detail5tvec4IfLNS0_9precisionE0EEESaIS4_EE12emplace_backIIS4_EEEvDpOT_
                0x0000000000404bae      0x13b /tmp/ccUchMC7.o
                0x0000000000404bae                void std::vector<glm::detail::tvec4<float, (glm::precision)0>, std::allocator<glm::detail::tvec4<float, (glm::precision)0> > >::emplace_back<glm::detail::tvec4<float, (glm::precision)0> >(glm::detail::tvec4<float, (glm::precision)0>&&)
                0x0000000000404bae                void std::vector<glm::detail::tvec4<float, (glm::precision)0>, std::allocator<glm::detail::tvec4<float, (glm::precision)0> > >::emplace_back<glm::detail::tvec4<float, (glm::precision)0> >(glm::detail::tvec4<float, (glm::precision)0>&&)
 *fill*         0x0000000000404ce9        0x1 
 .text._ZN8Acidrain5FacetC2ERKS0_
                0x0000000000404cea       0x56 /tmp/ccUchMC7.o
                0x0000000000404cea                Acidrain::Facet::Facet(Acidrain::Facet const&)
                0x0000000000404cea                Acidrain::Facet::Facet(Acidrain::Facet const&)
 .text._ZNSt6vectorIN8Acidrain5FacetESaIS1_EE19_M_emplace_back_auxIIRKS1_EEEvDpOT_
                0x0000000000404d40       0xd6 /tmp/ccUchMC7.o
                0x0000000000404d40                void std::vector<Acidrain::Facet, std::allocator<Acidrain::Facet> >::_M_emplace_back_aux<Acidrain::Facet const&>(Acidrain::Facet const&)
                0x0000000000404d40                void std::vector<Acidrain::Facet, std::allocator<Acidrain::Facet> >::_M_emplace_back_aux<Acidrain::Facet const&>(Acidrain::Facet const&)
 .text._ZNSt27__uninitialized_default_n_1ILb0EE18__uninit_default_nIPN3glm6detail5tvec4IfLNS2_9precisionE0EEEmEEvT_T0_
                0x0000000000404e16       0x2f /tmp/ccUchMC7.o
                0x0000000000404e16                void std::__uninitialized_default_n_1<false>::__uninit_default_n<glm::detail::tvec4<float, (glm::precision)0>*, unsigned long>(glm::detail::tvec4<float, (glm::precision)0>*, unsigned long)
 *fill*         0x0000000000404e45        0x1 
 .text._ZNSt6vectorIN3glm6detail5tvec4IfLNS0_9precisionE0EEESaIS4_EE17_M_default_appendEm
                0x0000000000404e46      0x106 /tmp/ccUchMC7.o
                0x0000000000404e46                std::vector<glm::detail::tvec4<float, (glm::precision)0>, std::allocator<glm::detail::tvec4<float, (glm::precision)0> > >::_M_default_append(unsigned long)
 .text          0x0000000000404f4c       0x3b /tmp/cczZpT0e.o
                0x0000000000404f4c                Acidrain::DemoPartRenderToTexture::process(float)
                0x0000000000404f64                Acidrain::DemoPartRenderToTexture::DemoPartRenderToTexture(int)
                0x0000000000404f64                Acidrain::DemoPartRenderToTexture::DemoPartRenderToTexture(int)
                0x0000000000404f70                Acidrain::DemoPartRenderToTexture::unuse()
 *fill*         0x0000000000404f87        0x1 
 .text          0x0000000000404f88      0x211 /tmp/ccTMjAyp.o
                0x0000000000404f88                Acidrain::DemoPartScene::process(float)
 *fill*         0x0000000000405199        0x1 
 .text._ZNSt8_Rb_treeIN8Acidrain18ShaderConstantTypeESt4pairIKS1_PvESt10_Select1stIS5_ESt4lessIS1_ESaIS5_EE8_M_eraseEPSt13_Rb_tree_nodeIS5_E
                0x000000000040519a       0x31 /tmp/ccTMjAyp.o
                0x000000000040519a                std::_Rb_tree<Acidrain::ShaderConstantType, std::pair<Acidrain::ShaderConstantType const, void*>, std::_Select1st<std::pair<Acidrain::ShaderConstantType const, void*> >, std::less<Acidrain::ShaderConstantType>, std::allocator<std::pair<Acidrain::ShaderConstantType const, void*> > >::_M_erase(std::_Rb_tree_node<std::pair<Acidrain::ShaderConstantType const, void*> >*)
 .text          0x00000000004051cb        0x0 /tmp/ccctfoYC.o
 *fill*         0x00000000004051cb        0x1 
 .text          0x00000000004051cc      0x21c /tmp/ccKEU15S.o
                0x00000000004051cc                Acidrain::Fbo::~Fbo()
                0x00000000004051cc                Acidrain::Fbo::~Fbo()
                0x00000000004051d4                Acidrain::Fbo::~Fbo()
                0x00000000004051e0                Acidrain::Fbo::Fbo(int, int)
                0x00000000004051e0                Acidrain::Fbo::Fbo(int, int)
                0x00000000004052f6                Acidrain::Fbo::getWidth()
                0x00000000004052fa                Acidrain::Fbo::getHeight()
                0x00000000004052fe                Acidrain::Fbo::getColorBufferId()
                0x0000000000405302                Acidrain::Fbo::getDepthBufferId()
                0x0000000000405306                Acidrain::Fbo::use()
                0x000000000040534c                Acidrain::Fbo::unuse()
                0x0000000000405380                Acidrain::Fbo::getTexture()
 .text._ZNSt15_Sp_counted_ptrIPN8Acidrain7TextureELN9__gnu_cxx12_Lock_policyE2EED2Ev
                0x00000000004053e8        0x8 /tmp/ccKEU15S.o
                0x00000000004053e8                std::_Sp_counted_ptr<Acidrain::Texture*, (__gnu_cxx::_Lock_policy)2>::~_Sp_counted_ptr()
                0x00000000004053e8                std::_Sp_counted_ptr<Acidrain::Texture*, (__gnu_cxx::_Lock_policy)2>::~_Sp_counted_ptr()
 .text._ZNSt15_Sp_counted_ptrIPN8Acidrain7TextureELN9__gnu_cxx12_Lock_policyE2EE10_M_disposeEv
                0x00000000004053f0       0x13 /tmp/ccKEU15S.o
                0x00000000004053f0                std::_Sp_counted_ptr<Acidrain::Texture*, (__gnu_cxx::_Lock_policy)2>::_M_dispose()
 *fill*         0x0000000000405403        0x1 
 .text._ZNSt15_Sp_counted_ptrIPN8Acidrain7TextureELN9__gnu_cxx12_Lock_policyE2EE14_M_get_deleterERKSt9type_info
                0x0000000000405404        0x3 /tmp/ccKEU15S.o
                0x0000000000405404                std::_Sp_counted_ptr<Acidrain::Texture*, (__gnu_cxx::_Lock_policy)2>::_M_get_deleter(std::type_info const&)
 *fill*         0x0000000000405407        0x1 
 .text._ZNSt15_Sp_counted_ptrIPN8Acidrain7TextureELN9__gnu_cxx12_Lock_policyE2EED0Ev
                0x0000000000405408        0xc /tmp/ccKEU15S.o
                0x0000000000405408                std::_Sp_counted_ptr<Acidrain::Texture*, (__gnu_cxx::_Lock_policy)2>::~_Sp_counted_ptr()
 .text._ZNSt15_Sp_counted_ptrIPN8Acidrain7TextureELN9__gnu_cxx12_Lock_policyE2EE10_M_destroyEv
                0x0000000000405414        0xb /tmp/ccKEU15S.o
                0x0000000000405414                std::_Sp_counted_ptr<Acidrain::Texture*, (__gnu_cxx::_Lock_policy)2>::_M_destroy()
 *fill*         0x000000000040541f        0x1 
 .text          0x0000000000405420       0x65 /tmp/cc7tgVwb.o
                0x0000000000405420                Acidrain::FloatTrack::controlObject(void*, Acidrain::AnimatedValue const&)
                0x000000000040542a                Acidrain::FloatTrack::getValue(Acidrain::AnimatedValue const&, Acidrain::AnimatedValue const&, float)
 *fill*         0x0000000000405485        0x1 
 .text          0x0000000000405486       0x62 /tmp/ccyTl31v.o
                0x0000000000405486                Acidrain::IntegerTrack::controlObject(void*, Acidrain::AnimatedValue const&)
                0x000000000040548c                Acidrain::IntegerTrack::getValue(Acidrain::AnimatedValue const&, Acidrain::AnimatedValue const&, float)
 .text          0x00000000004054e8      0x193 /tmp/ccH8fHPS.o
                0x00000000004054e8                Acidrain::LightNode::LightNode()
                0x00000000004054e8                Acidrain::LightNode::LightNode()
 .text          0x000000000040567b      0x247 /tmp/ccqccPfi.o
                0x000000000040567b                Acidrain::toGL(Acidrain::BlendingConstant const&)
                0x000000000040568d                Acidrain::setMaterial(std::shared_ptr<Acidrain::Material>&)
                0x00000000004057fc                Acidrain::unsetMaterial(std::shared_ptr<Acidrain::Material>&)
 .text          0x00000000004058c2      0x438 /tmp/cc6mJ6rJ.o
                0x00000000004058c2                Acidrain::Mesh::render()
                0x0000000000405ada                Acidrain::calculateNormals(Acidrain::Mesh&)
 .text._ZN3glm6detail5tvec3IfLNS_9precisionE0EEpLIfEERS3_RKNS1_IT_LS2_0EEE
                0x0000000000405cfa       0x2e /tmp/cc6mJ6rJ.o
                0x0000000000405cfa                glm::detail::tvec3<float, (glm::precision)0>& glm::detail::tvec3<float, (glm::precision)0>::operator+=<float>(glm::detail::tvec3<float, (glm::precision)0> const&)
 .text          0x0000000000405d28     0x1c34 /tmp/ccipWmzf.o
                0x0000000000405d28                Acidrain::indexInMap(unsigned short, unsigned short)
                0x0000000000405d42                Acidrain::addVertex(Acidrain::Mesh&, float, float, float)
                0x0000000000405d7c                Acidrain::mapXform(std::shared_ptr<Acidrain::Mesh>, Acidrain::TextureGenerator&, unsigned char, unsigned char, float)
                0x0000000000405f28                Acidrain::MeshGenerator::sphere(int, int)
                0x0000000000406624                Acidrain::addFacet(Acidrain::Mesh&, int, int, int, float, float, float, float, float, float, bool, bool, bool)
                0x0000000000406748                Acidrain::MeshGenerator::cube()
                0x0000000000406b56                Acidrain::MeshGenerator::grid(int, int)
                0x0000000000406dc2                Acidrain::MeshGenerator::cylinder(int, int, bool, bool)
                0x000000000040718e                Acidrain::subdivide(std::shared_ptr<Acidrain::Mesh>)
 .text._ZNSt15_Sp_counted_ptrIPN8Acidrain4MeshELN9__gnu_cxx12_Lock_policyE2EED2Ev
                0x000000000040795c        0x8 /tmp/ccipWmzf.o
                0x000000000040795c                std::_Sp_counted_ptr<Acidrain::Mesh*, (__gnu_cxx::_Lock_policy)2>::~_Sp_counted_ptr()
                0x000000000040795c                std::_Sp_counted_ptr<Acidrain::Mesh*, (__gnu_cxx::_Lock_policy)2>::~_Sp_counted_ptr()
 .text._ZNSt15_Sp_counted_ptrIPN8Acidrain4MeshELN9__gnu_cxx12_Lock_policyE2EE14_M_get_deleterERKSt9type_info
                0x0000000000407964        0x3 /tmp/ccipWmzf.o
                0x0000000000407964                std::_Sp_counted_ptr<Acidrain::Mesh*, (__gnu_cxx::_Lock_policy)2>::_M_get_deleter(std::type_info const&)
 *fill*         0x0000000000407967        0x1 
 .text._ZNSt15_Sp_counted_ptrIPN8Acidrain4MeshELN9__gnu_cxx12_Lock_policyE2EED0Ev
                0x0000000000407968        0xc /tmp/ccipWmzf.o
                0x0000000000407968                std::_Sp_counted_ptr<Acidrain::Mesh*, (__gnu_cxx::_Lock_policy)2>::~_Sp_counted_ptr()
 .text._ZNSt15_Sp_counted_ptrIPN8Acidrain4MeshELN9__gnu_cxx12_Lock_policyE2EE10_M_destroyEv
                0x0000000000407974        0xb /tmp/ccipWmzf.o
                0x0000000000407974                std::_Sp_counted_ptr<Acidrain::Mesh*, (__gnu_cxx::_Lock_policy)2>::_M_destroy()
 *fill*         0x000000000040797f        0x1 
 .text._ZNSt15_Sp_counted_ptrIPN8Acidrain4MeshELN9__gnu_cxx12_Lock_policyE2EE10_M_disposeEv
                0x0000000000407980       0x3e /tmp/ccipWmzf.o
                0x0000000000407980                std::_Sp_counted_ptr<Acidrain::Mesh*, (__gnu_cxx::_Lock_policy)2>::_M_dispose()
 .text._ZN8Acidrain5FacetC2Ev
                0x00000000004079be       0x31 /tmp/ccipWmzf.o
                0x00000000004079be                Acidrain::Facet::Facet()
                0x00000000004079be                Acidrain::Facet::Facet()
 *fill*         0x00000000004079ef        0x1 
 .text._ZN8Acidrain4MeshC2Ev
                0x00000000004079f0       0x5e /tmp/ccipWmzf.o
                0x00000000004079f0                Acidrain::Mesh::Mesh()
                0x00000000004079f0                Acidrain::Mesh::Mesh()
 .text._ZNSt12__shared_ptrIN8Acidrain4MeshELN9__gnu_cxx12_Lock_policyE2EEC2IS1_EEPT_
                0x0000000000407a4e       0x3f /tmp/ccipWmzf.o
                0x0000000000407a4e                std::__shared_ptr<Acidrain::Mesh, (__gnu_cxx::_Lock_policy)2>::__shared_ptr<Acidrain::Mesh>(Acidrain::Mesh*)
                0x0000000000407a4e                std::__shared_ptr<Acidrain::Mesh, (__gnu_cxx::_Lock_policy)2>::__shared_ptr<Acidrain::Mesh>(Acidrain::Mesh*)
 *fill*         0x0000000000407a8d        0x1 
 .text._ZNSt8_Rb_treeIjSt4pairIKjiESt10_Select1stIS2_ESt4lessIjESaIS2_EE8_M_eraseEPSt13_Rb_tree_nodeIS2_E
                0x0000000000407a8e       0x31 /tmp/ccipWmzf.o
                0x0000000000407a8e                std::_Rb_tree<unsigned int, std::pair<unsigned int const, int>, std::_Select1st<std::pair<unsigned int const, int> >, std::less<unsigned int>, std::allocator<std::pair<unsigned int const, int> > >::_M_erase(std::_Rb_tree_node<std::pair<unsigned int const, int> >*)
 *fill*         0x0000000000407abf        0x1 
 .text._ZNKSt6vectorIN8Acidrain4EdgeESaIS1_EE12_M_check_lenEmPKc
                0x0000000000407ac0       0x3d /tmp/ccipWmzf.o
                0x0000000000407ac0                std::vector<Acidrain::Edge, std::allocator<Acidrain::Edge> >::_M_check_len(unsigned long, char const*) const
 *fill*         0x0000000000407afd        0x1 
 .text._ZN8Acidrain6VertexC2ERKS0_
                0x0000000000407afe       0x3b /tmp/ccipWmzf.o
                0x0000000000407afe                Acidrain::Vertex::Vertex(Acidrain::Vertex const&)
                0x0000000000407afe                Acidrain::Vertex::Vertex(Acidrain::Vertex const&)
 *fill*         0x0000000000407b39        0x1 
 .text._ZNSt6vectorIN8Acidrain6VertexESaIS1_EE9push_backERKS1_
                0x0000000000407b3a       0x28 /tmp/ccipWmzf.o
                0x0000000000407b3a                std::vector<Acidrain::Vertex, std::allocator<Acidrain::Vertex> >::push_back(Acidrain::Vertex const&)
 .text._ZNSt6vectorIN8Acidrain5FacetESaIS1_EE9push_backERKS1_
                0x0000000000407b62       0x28 /tmp/ccipWmzf.o
                0x0000000000407b62                std::vector<Acidrain::Facet, std::allocator<Acidrain::Facet> >::push_back(Acidrain::Facet const&)
 .text._ZNSt8_Rb_treeIjSt4pairIKjiESt10_Select1stIS2_ESt4lessIjESaIS2_EE24_M_get_insert_unique_posERS1_
                0x0000000000407b8a       0x64 /tmp/ccipWmzf.o
                0x0000000000407b8a                std::_Rb_tree<unsigned int, std::pair<unsigned int const, int>, std::_Select1st<std::pair<unsigned int const, int> >, std::less<unsigned int>, std::allocator<std::pair<unsigned int const, int> > >::_M_get_insert_unique_pos(unsigned int const&)
 .text._ZNSt8_Rb_treeIjSt4pairIKjiESt10_Select1stIS2_ESt4lessIjESaIS2_EE29_M_get_insert_hint_unique_posESt23_Rb_tree_const_iteratorIS2_ERS1_
                0x0000000000407bee       0xbc /tmp/ccipWmzf.o
                0x0000000000407bee                std::_Rb_tree<unsigned int, std::pair<unsigned int const, int>, std::_Select1st<std::pair<unsigned int const, int> >, std::less<unsigned int>, std::allocator<std::pair<unsigned int const, int> > >::_M_get_insert_hint_unique_pos(std::_Rb_tree_const_iterator<std::pair<unsigned int const, int> >, unsigned int const&)
 .text._ZNSt3mapIjiSt4lessIjESaISt4pairIKjiEEEixEOj
                0x0000000000407caa       0xcf /tmp/ccipWmzf.o
                0x0000000000407caa                std::map<unsigned int, int, std::less<unsigned int>, std::allocator<std::pair<unsigned int const, int> > >::operator[](unsigned int&&)
 .text._ZNSt11__copy_moveILb1ELb1ESt26random_access_iterator_tagE8__copy_mIN8Acidrain4EdgeEEEPT_PKS5_S8_S6_
                0x0000000000407d79       0x2c /tmp/ccipWmzf.o
                0x0000000000407d79                Acidrain::Edge* std::__copy_move<true, true, std::random_access_iterator_tag>::__copy_m<Acidrain::Edge>(Acidrain::Edge const*, Acidrain::Edge const*, Acidrain::Edge*)
 *fill*         0x0000000000407da5        0x1 
 .text._ZNSt6vectorIN8Acidrain4EdgeESaIS1_EE9push_backERKS1_
                0x0000000000407da6       0xbc /tmp/ccipWmzf.o
                0x0000000000407da6                std::vector<Acidrain::Edge, std::allocator<Acidrain::Edge> >::push_back(Acidrain::Edge const&)
 .text._ZNSt6vectorIN8Acidrain4EdgeESaIS1_EE12emplace_backIIS1_EEEvDpOT_
                0x0000000000407e62       0xbc /tmp/ccipWmzf.o
                0x0000000000407e62                void std::vector<Acidrain::Edge, std::allocator<Acidrain::Edge> >::emplace_back<Acidrain::Edge>(Acidrain::Edge&&)
                0x0000000000407e62                void std::vector<Acidrain::Edge, std::allocator<Acidrain::Edge> >::emplace_back<Acidrain::Edge>(Acidrain::Edge&&)
 .text          0x0000000000407f1e      0x103 /tmp/ccDLKjnO.o
                0x0000000000407f1e                Acidrain::MeshNode::MeshNode()
                0x0000000000407f1e                Acidrain::MeshNode::MeshNode()
 *fill*         0x0000000000408021        0x1 
 .text          0x0000000000408022      0x18b /tmp/ccKCnGop.o
                0x0000000000408022                Acidrain::Scene::Scene()
                0x0000000000408022                Acidrain::Scene::Scene()
 *fill*         0x00000000004081ad        0x1 
 .text._ZNSt15_Sp_counted_ptrIPN8Acidrain8TimelineELN9__gnu_cxx12_Lock_policyE2EED2Ev
                0x00000000004081ae        0x8 /tmp/ccKCnGop.o
                0x00000000004081ae                std::_Sp_counted_ptr<Acidrain::Timeline*, (__gnu_cxx::_Lock_policy)2>::~_Sp_counted_ptr()
                0x00000000004081ae                std::_Sp_counted_ptr<Acidrain::Timeline*, (__gnu_cxx::_Lock_policy)2>::~_Sp_counted_ptr()
 .text._ZNSt15_Sp_counted_ptrIPN8Acidrain9SceneTreeELN9__gnu_cxx12_Lock_policyE2EED2Ev
                0x00000000004081b6        0x8 /tmp/ccKCnGop.o
                0x00000000004081b6                std::_Sp_counted_ptr<Acidrain::SceneTree*, (__gnu_cxx::_Lock_policy)2>::~_Sp_counted_ptr()
                0x00000000004081b6                std::_Sp_counted_ptr<Acidrain::SceneTree*, (__gnu_cxx::_Lock_policy)2>::~_Sp_counted_ptr()
 .text._ZNSt15_Sp_counted_ptrIPN8Acidrain8TimelineELN9__gnu_cxx12_Lock_policyE2EE14_M_get_deleterERKSt9type_info
                0x00000000004081be        0x3 /tmp/ccKCnGop.o
                0x00000000004081be                std::_Sp_counted_ptr<Acidrain::Timeline*, (__gnu_cxx::_Lock_policy)2>::_M_get_deleter(std::type_info const&)
 *fill*         0x00000000004081c1        0x1 
 .text._ZNSt15_Sp_counted_ptrIPN8Acidrain9SceneTreeELN9__gnu_cxx12_Lock_policyE2EE14_M_get_deleterERKSt9type_info
                0x00000000004081c2        0x3 /tmp/ccKCnGop.o
                0x00000000004081c2                std::_Sp_counted_ptr<Acidrain::SceneTree*, (__gnu_cxx::_Lock_policy)2>::_M_get_deleter(std::type_info const&)
 *fill*         0x00000000004081c5        0x1 
 .text._ZNSt15_Sp_counted_ptrIPN8Acidrain8TimelineELN9__gnu_cxx12_Lock_policyE2EED0Ev
                0x00000000004081c6        0xc /tmp/ccKCnGop.o
                0x00000000004081c6                std::_Sp_counted_ptr<Acidrain::Timeline*, (__gnu_cxx::_Lock_policy)2>::~_Sp_counted_ptr()
 .text._ZNSt15_Sp_counted_ptrIPN8Acidrain8TimelineELN9__gnu_cxx12_Lock_policyE2EE10_M_destroyEv
                0x00000000004081d2        0xb /tmp/ccKCnGop.o
                0x00000000004081d2                std::_Sp_counted_ptr<Acidrain::Timeline*, (__gnu_cxx::_Lock_policy)2>::_M_destroy()
 *fill*         0x00000000004081dd        0x1 
 .text._ZNSt15_Sp_counted_ptrIPN8Acidrain9SceneTreeELN9__gnu_cxx12_Lock_policyE2EED0Ev
                0x00000000004081de        0xc /tmp/ccKCnGop.o
                0x00000000004081de                std::_Sp_counted_ptr<Acidrain::SceneTree*, (__gnu_cxx::_Lock_policy)2>::~_Sp_counted_ptr()
 .text._ZNSt15_Sp_counted_ptrIPN8Acidrain9SceneTreeELN9__gnu_cxx12_Lock_policyE2EE10_M_destroyEv
                0x00000000004081ea        0xb /tmp/ccKCnGop.o
                0x00000000004081ea                std::_Sp_counted_ptr<Acidrain::SceneTree*, (__gnu_cxx::_Lock_policy)2>::_M_destroy()
 *fill*         0x00000000004081f5        0x1 
 .text._ZNSt15_Sp_counted_ptrIPN8Acidrain8TimelineELN9__gnu_cxx12_Lock_policyE2EE10_M_disposeEv
                0x00000000004081f6       0x46 /tmp/ccKCnGop.o
                0x00000000004081f6                std::_Sp_counted_ptr<Acidrain::Timeline*, (__gnu_cxx::_Lock_policy)2>::_M_dispose()
 .text._ZNSt6vectorISt10shared_ptrIN8Acidrain9SceneNodeEESaIS3_EED2Ev
                0x000000000040823c       0x39 /tmp/ccKCnGop.o
                0x000000000040823c                std::vector<std::shared_ptr<Acidrain::SceneNode>, std::allocator<std::shared_ptr<Acidrain::SceneNode> > >::~vector()
                0x000000000040823c                std::vector<std::shared_ptr<Acidrain::SceneNode>, std::allocator<std::shared_ptr<Acidrain::SceneNode> > >::~vector()
 *fill*         0x0000000000408275        0x1 
 .text._ZNSt15_Sp_counted_ptrIPN8Acidrain9SceneTreeELN9__gnu_cxx12_Lock_policyE2EE10_M_disposeEv
                0x0000000000408276       0x2f /tmp/ccKCnGop.o
                0x0000000000408276                std::_Sp_counted_ptr<Acidrain::SceneTree*, (__gnu_cxx::_Lock_policy)2>::_M_dispose()
 *fill*         0x00000000004082a5        0x1 
 .text          0x00000000004082a6      0x3c3 /tmp/ccB6AxC3.o
                0x00000000004082dc                Acidrain::SceneNode::asMeshNode()
                0x00000000004082e0                Acidrain::SceneNode::asLightNode()
                0x00000000004082e4                Acidrain::SceneNode::asCameraNode()
                0x00000000004082e8                Acidrain::SceneNode::applyParentTransform(glm::detail::tmat4x4<float, (glm::precision)0> const&)
                0x0000000000408338                Acidrain::SceneNode::calculateLocalTransform()
 *fill*         0x0000000000408669        0x1 
 .text._ZN3glm6detail7tmat4x4IfLNS_9precisionE0EEC2ENS3_4ctorE
                0x000000000040866a       0x29 /tmp/ccB6AxC3.o
                0x000000000040866a                glm::detail::tmat4x4<float, (glm::precision)0>::tmat4x4(glm::detail::tmat4x4<float, (glm::precision)0>::ctor)
                0x000000000040866a                glm::detail::tmat4x4<float, (glm::precision)0>::tmat4x4(glm::detail::tmat4x4<float, (glm::precision)0>::ctor)
 .text._ZN3glm9translateIfLNS_9precisionE0EEENS_6detail7tmat4x4IT_XT0_EEERKNS2_5tvec3IS4_XT0_EEE
                0x0000000000408693       0x3d /tmp/ccB6AxC3.o
                0x0000000000408693                glm::detail::tmat4x4<float, (glm::precision)0> glm::translate<float, (glm::precision)0>(glm::detail::tvec3<float, (glm::precision)0> const&)
 .text._ZN3glm9mat3_castIfLNS_9precisionE0EEENS_6detail7tmat3x3IT_XT0_EEERKNS2_5tquatIS4_XT0_EEE
                0x00000000004086d0      0x158 /tmp/ccB6AxC3.o
                0x00000000004086d0                glm::detail::tmat3x3<float, (glm::precision)0> glm::mat3_cast<float, (glm::precision)0>(glm::detail::tquat<float, (glm::precision)0> const&)
 .text          0x0000000000408828      0x2e5 /tmp/ccVsakkK.o
                0x0000000000408828                Acidrain::SceneTree::nodeByNameAndType(std::string, Acidrain::SceneNodeType)
                0x00000000004088aa                Acidrain::SceneTree::nodeById(int)
                0x00000000004088f0                Acidrain::SceneTree::transform()
                0x0000000000408a14                Acidrain::SceneTree::add(std::shared_ptr<Acidrain::SceneNode>, std::shared_ptr<Acidrain::SceneNode>)
                0x0000000000408ab0                Acidrain::SceneTree::add(std::shared_ptr<Acidrain::SceneNode>)
 *fill*         0x0000000000408b0d        0x1 
 .text._ZNSt14__shared_countILN9__gnu_cxx12_Lock_policyE2EEC2ERKS2_
                0x0000000000408b0e       0x21 /tmp/ccVsakkK.o
                0x0000000000408b0e                std::__shared_count<(__gnu_cxx::_Lock_policy)2>::__shared_count(std::__shared_count<(__gnu_cxx::_Lock_policy)2> const&)
                0x0000000000408b0e                std::__shared_count<(__gnu_cxx::_Lock_policy)2>::__shared_count(std::__shared_count<(__gnu_cxx::_Lock_policy)2> const&)
 *fill*         0x0000000000408b2f        0x1 
 .text._ZNSt6vectorISt10shared_ptrIN8Acidrain9SceneNodeEESaIS3_EE19_M_emplace_back_auxIIRKS3_EEEvDpOT_
                0x0000000000408b30      0x11f /tmp/ccVsakkK.o
                0x0000000000408b30                void std::vector<std::shared_ptr<Acidrain::SceneNode>, std::allocator<std::shared_ptr<Acidrain::SceneNode> > >::_M_emplace_back_aux<std::shared_ptr<Acidrain::SceneNode> const&>(std::shared_ptr<Acidrain::SceneNode> const&)
                0x0000000000408b30                void std::vector<std::shared_ptr<Acidrain::SceneNode>, std::allocator<std::shared_ptr<Acidrain::SceneNode> > >::_M_emplace_back_aux<std::shared_ptr<Acidrain::SceneNode> const&>(std::shared_ptr<Acidrain::SceneNode> const&)
 *fill*         0x0000000000408c4f        0x1 
 .text._ZNSt6vectorISt10shared_ptrIN8Acidrain9SceneNodeEESaIS3_EE9push_backERKS3_
                0x0000000000408c50       0x37 /tmp/ccVsakkK.o
                0x0000000000408c50                std::vector<std::shared_ptr<Acidrain::SceneNode>, std::allocator<std::shared_ptr<Acidrain::SceneNode> > >::push_back(std::shared_ptr<Acidrain::SceneNode> const&)
 *fill*         0x0000000000408c87        0x1 
 .text          0x0000000000408c88      0x288 /tmp/ccFvOTms.o
                0x0000000000408c88                Acidrain::Shader::Shader(char const*, char const*)
                0x0000000000408c88                Acidrain::Shader::Shader(char const*, char const*)
                0x0000000000408d4e                Acidrain::Shader::use()
                0x0000000000408d5a                Acidrain::Shader::unuse()
                0x0000000000408d66                Acidrain::Shader::~Shader()
                0x0000000000408d66                Acidrain::Shader::~Shader()
                0x0000000000408db2                Acidrain::Shader::~Shader()
                0x0000000000408dc4                Acidrain::Shader::getUniform(char const*)
                0x0000000000408e48                Acidrain::Shader::setMatrixUniform(float*, char const*)
                0x0000000000408e72                Acidrain::Shader::setVec3Uniform(float*, char const*)
                0x0000000000408e9a                Acidrain::Shader::setVec4Uniform(float*, char const*)
                0x0000000000408ec2                Acidrain::Shader::setIntUniform(int, char const*)
                0x0000000000408ee2                Acidrain::Shader::setFloatUniform(float, char const*)
 .text._ZNSt8_Rb_treeIPKcSt4pairIKS1_iESt10_Select1stIS4_ESt4lessIS1_ESaIS4_EE8_M_eraseEPSt13_Rb_tree_nodeIS4_E
                0x0000000000408f10       0x31 /tmp/ccFvOTms.o
                0x0000000000408f10                std::_Rb_tree<char const*, std::pair<char const* const, int>, std::_Select1st<std::pair<char const* const, int> >, std::less<char const*>, std::allocator<std::pair<char const* const, int> > >::_M_erase(std::_Rb_tree_node<std::pair<char const* const, int> >*)
 *fill*         0x0000000000408f41        0x1 
 .text._ZNSt8_Rb_treeIPKcSt4pairIKS1_iESt10_Select1stIS4_ESt4lessIS1_ESaIS4_EE24_M_get_insert_unique_posERS3_
                0x0000000000408f42       0x68 /tmp/ccFvOTms.o
                0x0000000000408f42                std::_Rb_tree<char const*, std::pair<char const* const, int>, std::_Select1st<std::pair<char const* const, int> >, std::less<char const*>, std::allocator<std::pair<char const* const, int> > >::_M_get_insert_unique_pos(char const* const&)
 .text._ZNSt8_Rb_treeIPKcSt4pairIKS1_iESt10_Select1stIS4_ESt4lessIS1_ESaIS4_EE29_M_get_insert_hint_unique_posESt23_Rb_tree_const_iteratorIS4_ERS3_
                0x0000000000408faa       0xbf /tmp/ccFvOTms.o
                0x0000000000408faa                std::_Rb_tree<char const*, std::pair<char const* const, int>, std::_Select1st<std::pair<char const* const, int> >, std::less<char const*>, std::allocator<std::pair<char const* const, int> > >::_M_get_insert_hint_unique_pos(std::_Rb_tree_const_iterator<std::pair<char const* const, int> >, char const* const&)
 *fill*         0x0000000000409069        0x1 
 .text._ZNSt3mapIPKciSt4lessIS1_ESaISt4pairIKS1_iEEEixERS5_
                0x000000000040906a       0xd4 /tmp/ccFvOTms.o
                0x000000000040906a                std::map<char const*, int, std::less<char const*>, std::allocator<std::pair<char const* const, int> > >::operator[](char const* const&)
 .text          0x000000000040913e      0x16f /tmp/ccWE689c.o
                0x000000000040913e                Acidrain::ShaderConstantNameResolver::nameFor(Acidrain::ShaderConstantType const&)
                0x0000000000409154                Acidrain::ShaderConstantNameResolver::nameFor(Acidrain::TextureRole const&)
                0x000000000040916a                Acidrain::ShaderConstants::set(Acidrain::Shader&)
                0x00000000004091d8                Acidrain::ShaderConstants::add(Acidrain::ShaderConstantType, void*)
 *fill*         0x00000000004092ad        0x1 
 .text._ZNSt8_Rb_treeIN8Acidrain18ShaderConstantTypeESt4pairIKS1_PvESt10_Select1stIS5_ESt4lessIS1_ESaIS5_EE24_M_get_insert_unique_posERS3_
                0x00000000004092ae       0x64 /tmp/ccWE689c.o
                0x00000000004092ae                std::_Rb_tree<Acidrain::ShaderConstantType, std::pair<Acidrain::ShaderConstantType const, void*>, std::_Select1st<std::pair<Acidrain::ShaderConstantType const, void*> >, std::less<Acidrain::ShaderConstantType>, std::allocator<std::pair<Acidrain::ShaderConstantType const, void*> > >::_M_get_insert_unique_pos(Acidrain::ShaderConstantType const&)
 .text._ZNSt8_Rb_treeIN8Acidrain18ShaderConstantTypeESt4pairIKS1_PvESt10_Select1stIS5_ESt4lessIS1_ESaIS5_EE29_M_get_insert_hint_unique_posESt23_Rb_tree_const_iteratorIS5_ERS3_
                0x0000000000409312       0xbc /tmp/ccWE689c.o
                0x0000000000409312                std::_Rb_tree<Acidrain::ShaderConstantType, std::pair<Acidrain::ShaderConstantType const, void*>, std::_Select1st<std::pair<Acidrain::ShaderConstantType const, void*> >, std::less<Acidrain::ShaderConstantType>, std::allocator<std::pair<Acidrain::ShaderConstantType const, void*> > >::_M_get_insert_hint_unique_pos(std::_Rb_tree_const_iterator<std::pair<Acidrain::ShaderConstantType const, void*> >, Acidrain::ShaderConstantType const&)
 .text          0x00000000004093ce      0x156 /tmp/ccNDYeoY.o
                0x00000000004093ce                Acidrain::Texture::~Texture()
                0x00000000004093ce                Acidrain::Texture::~Texture()
                0x00000000004093ea                Acidrain::Texture::~Texture()
                0x00000000004093fc                Acidrain::Texture::Texture(int, int, unsigned char*)
                0x00000000004093fc                Acidrain::Texture::Texture(int, int, unsigned char*)
                0x00000000004094ec                Acidrain::Texture::Texture(unsigned int, int, int)
                0x00000000004094ec                Acidrain::Texture::Texture(unsigned int, int, int)
                0x0000000000409502                Acidrain::Texture::getWidth() const
                0x0000000000409506                Acidrain::Texture::getHeight() const
                0x000000000040950a                Acidrain::Texture::use()
                0x0000000000409518                Acidrain::Texture::unuse()
 .text          0x0000000000409524      0x42c /tmp/ccr5NhtM.o
                0x0000000000409524                Acidrain::TextureGenerator::~TextureGenerator()
                0x0000000000409524                Acidrain::TextureGenerator::~TextureGenerator()
                0x0000000000409550                Acidrain::TextureGenerator::~TextureGenerator()
                0x0000000000409562                Acidrain::TextureGenerator::TextureGenerator(int, int)
                0x0000000000409562                Acidrain::TextureGenerator::TextureGenerator(int, int)
                0x000000000040959c                Acidrain::TextureGenerator::checkerBoard(unsigned char, unsigned char, glm::detail::tvec4<float, (glm::precision)0>, glm::detail::tvec4<float, (glm::precision)0>)
                0x000000000040962c                Acidrain::TextureGenerator::envMap(unsigned char, unsigned char)
                0x0000000000409712                Acidrain::TextureGenerator::lens(unsigned char, unsigned char)
                0x0000000000409814                Acidrain::TextureGenerator::roll(unsigned char, unsigned char, unsigned char)
                0x00000000004098d2                Acidrain::TextureGenerator::get(unsigned char)
                0x00000000004098dc                Acidrain::TextureGenerator::getTexture(unsigned char)
 .text._Z5asIntRKN3glm6detail5tvec4IfLNS_9precisionE0EEE
                0x0000000000409950       0x50 /tmp/ccr5NhtM.o
                0x0000000000409950                asInt(glm::detail::tvec4<float, (glm::precision)0> const&)
 .text          0x00000000004099a0       0x39 /tmp/ccQnmFSC.o
                0x00000000004099a0                Acidrain::Timeline::setAt(float)
 *fill*         0x00000000004099d9        0x1 
 .text          0x00000000004099da       0x61 /tmp/cc848Nyt.o
                0x00000000004099da                Acidrain::Timer::Timer()
                0x00000000004099da                Acidrain::Timer::Timer()
                0x00000000004099fc                Acidrain::Timer::secondsSinceStart()
                0x0000000000409a18                Acidrain::Timer::lap()
 *fill*         0x0000000000409a3b        0x1 
 .text          0x0000000000409a3c       0xaf /tmp/ccvJHMkm.o
                0x0000000000409a3c                Acidrain::Vec3Track::controlObject(void*, Acidrain::AnimatedValue const&)
                0x0000000000409a5a                Acidrain::Vec3Track::getValue(Acidrain::AnimatedValue const&, Acidrain::AnimatedValue const&, float)
 *fill*         0x0000000000409aeb        0x1 
 .text          0x0000000000409aec      0x198 /tmp/cc2bLVOh.o
                0x0000000000409aec                Acidrain::Window::~Window()
                0x0000000000409aec                Acidrain::Window::~Window()
                0x0000000000409b10                Acidrain::Window::~Window()
                0x0000000000409b22                Acidrain::Window::Window(int, int, Acidrain::WindowType)
                0x0000000000409b22                Acidrain::Window::Window(int, int, Acidrain::WindowType)
                0x0000000000409c26                Acidrain::Window::present()
                0x0000000000409c30                Acidrain::Window::shouldQuit()
 .text          0x0000000000409c84        0x0 /tmp/ccY01fAg.o
 *fill*         0x0000000000409c84        0xc 
 .text          0x0000000000409c90       0x72 /usr/lib/x86_64-linux-gnu/libc_nonshared.a(elf-init.oS)
                0x0000000000409c90                __libc_csu_init
                0x0000000000409d00                __libc_csu_fini
 .text          0x0000000000409d02        0x0 /usr/lib/gcc/x86_64-linux-gnu/4.8/crtend.o
 .text          0x0000000000409d02        0x0 /usr/lib/gcc/x86_64-linux-gnu/4.8/../../../x86_64-linux-gnu/crtn.o
 *(.gnu.warning)

.fini           0x0000000000409d04        0x9
 *(SORT(.fini))
 .fini          0x0000000000409d04        0x4 /usr/lib/gcc/x86_64-linux-gnu/4.8/../../../x86_64-linux-gnu/crti.o
                0x0000000000409d04                _fini
 .fini          0x0000000000409d08        0x5 /usr/lib/gcc/x86_64-linux-gnu/4.8/../../../x86_64-linux-gnu/crtn.o
                0x0000000000409d0d                PROVIDE (__etext, .)
                0x0000000000409d0d                PROVIDE (_etext, .)
                0x0000000000409d0d                PROVIDE (etext, .)

.rodata         0x0000000000409d10     0x57e0
 *(.rodata .rodata.* .gnu.linkonce.r.*)
 .rodata.cst4   0x0000000000409d10        0x4 /usr/lib/gcc/x86_64-linux-gnu/4.8/../../../x86_64-linux-gnu/crt1.o
                0x0000000000409d10                _IO_stdin_used
 *fill*         0x0000000000409d14        0xc 
 .rodata._ZTVSt16_Sp_counted_baseILN9__gnu_cxx12_Lock_policyE2EE
                0x0000000000409d20       0x38 /tmp/ccF5kzN4.o
                0x0000000000409d20                vtable for std::_Sp_counted_base<(__gnu_cxx::_Lock_policy)2>
 *fill*         0x0000000000409d58        0x8 
 .rodata._ZTVSt15_Sp_counted_ptrIPN8Acidrain3KeyELN9__gnu_cxx12_Lock_policyE2EE
                0x0000000000409d60       0x38 /tmp/ccF5kzN4.o
                0x0000000000409d60                vtable for std::_Sp_counted_ptr<Acidrain::Key*, (__gnu_cxx::_Lock_policy)2>
 .rodata.str1.1
                0x0000000000409d98       0xe5 /tmp/cc1rt3w1.o
 *fill*         0x0000000000409e7d        0x3 
 .rodata        0x0000000000409e80      0x290 /tmp/cc1rt3w1.o
 .rodata._ZTVN8Acidrain10CameraNodeE
                0x000000000040a110       0x18 /tmp/cc1rt3w1.o
                0x000000000040a110                vtable for Acidrain::CameraNode
 .rodata.cst4   0x000000000040a128        0x8 /tmp/cc1rt3w1.o
 .rodata.cst16  0x000000000040a130       0x10 /tmp/cc1rt3w1.o
 .rodata._ZTVN8Acidrain13DemoPartClearE
                0x000000000040a140       0x18 /tmp/ccHIzIF2.o
                0x000000000040a140                vtable for Acidrain::DemoPartClear
 .rodata.str1.1
                0x000000000040a158       0x36 /tmp/ccUchMC7.o
                                         0x73 (size before relaxing)
 *fill*         0x000000000040a18e        0x2 
 .rodata        0x000000000040a190     0x4440 /tmp/ccUchMC7.o
 .rodata._ZTVN8Acidrain8DemoPartE
                0x000000000040e5d0       0x18 /tmp/ccUchMC7.o
                0x000000000040e5d0                vtable for Acidrain::DemoPart
 *fill*         0x000000000040e5e8        0x8 
 .rodata._ZTVN8Acidrain21DemoPartMarchingCubesE
                0x000000000040e5f0       0x18 /tmp/ccUchMC7.o
                0x000000000040e5f0                vtable for Acidrain::DemoPartMarchingCubes
 .rodata.cst4   0x0000000000000000        0x4 /tmp/ccUchMC7.o
 .rodata.cst8   0x000000000040e608       0x38 /tmp/ccUchMC7.o
 .rodata._ZTVN8Acidrain23DemoPartRenderToTextureE
                0x000000000040e640       0x18 /tmp/cczZpT0e.o
                0x000000000040e640                vtable for Acidrain::DemoPartRenderToTexture
 .rodata.str1.1
                0x0000000000000000       0x43 /tmp/ccTMjAyp.o
 *fill*         0x000000000040e658        0x8 
 .rodata        0x000000000040e660       0x84 /tmp/ccTMjAyp.o
 *fill*         0x000000000040e6e4        0xc 
 .rodata._ZTVN8Acidrain13DemoPartSceneE
                0x000000000040e6f0       0x18 /tmp/ccTMjAyp.o
                0x000000000040e6f0                vtable for Acidrain::DemoPartScene
 *fill*         0x000000000040e708        0x8 
 .rodata._ZTVN8Acidrain3FboE
                0x000000000040e710       0x20 /tmp/ccKEU15S.o
                0x000000000040e710                vtable for Acidrain::Fbo
 .rodata._ZTVSt15_Sp_counted_ptrIPN8Acidrain7TextureELN9__gnu_cxx12_Lock_policyE2EE
                0x000000000040e730       0x38 /tmp/ccKEU15S.o
                0x000000000040e730                vtable for std::_Sp_counted_ptr<Acidrain::Texture*, (__gnu_cxx::_Lock_policy)2>
 *fill*         0x000000000040e768        0x8 
 .rodata._ZTVN8Acidrain10FloatTrackE
                0x000000000040e770       0x20 /tmp/cc7tgVwb.o
                0x000000000040e770                vtable for Acidrain::FloatTrack
 .rodata._ZTVN8Acidrain12IntegerTrackE
                0x000000000040e790       0x20 /tmp/ccyTl31v.o
                0x000000000040e790                vtable for Acidrain::IntegerTrack
 .rodata._ZTVN8Acidrain9LightNodeE
                0x000000000040e7b0       0x18 /tmp/ccH8fHPS.o
                0x000000000040e7b0                vtable for Acidrain::LightNode
 .rodata.cst4   0x000000000040e7c8        0x4 /tmp/ccH8fHPS.o
                                          0xc (size before relaxing)
 .rodata.str1.1
                0x0000000000000000       0x43 /tmp/ccqccPfi.o
 *fill*         0x000000000040e7cc        0x4 
 .rodata        0x000000000040e7d0       0x94 /tmp/ccqccPfi.o
 .rodata.str1.1
                0x0000000000000000       0x3d /tmp/cc6mJ6rJ.o
 *fill*         0x000000000040e864        0xc 
 .rodata        0x000000000040e870       0x39 /tmp/cc6mJ6rJ.o
 .rodata.cst4   0x0000000000000000        0x4 /tmp/cc6mJ6rJ.o
 *fill*         0x000000000040e8a9        0x7 
 .rodata.cst8   0x000000000040e8b0        0x8 /tmp/cc6mJ6rJ.o
 .rodata.str1.1
                0x0000000000000000       0x59 /tmp/ccipWmzf.o
 *fill*         0x000000000040e8b8        0x8 
 .rodata        0x000000000040e8c0       0x39 /tmp/ccipWmzf.o
 *fill*         0x000000000040e8f9        0x7 
 .rodata._ZTVSt15_Sp_counted_ptrIPN8Acidrain4MeshELN9__gnu_cxx12_Lock_policyE2EE
                0x000000000040e900       0x38 /tmp/ccipWmzf.o
                0x000000000040e900                vtable for std::_Sp_counted_ptr<Acidrain::Mesh*, (__gnu_cxx::_Lock_policy)2>
 .rodata.cst4   0x000000000040e938        0x8 /tmp/ccipWmzf.o
                                         0x10 (size before relaxing)
 .rodata.cst8   0x000000000040e940        0x8 /tmp/ccipWmzf.o
                                         0x18 (size before relaxing)
 *fill*         0x000000000040e948        0x8 
 .rodata._ZTVN8Acidrain8MeshNodeE
                0x000000000040e950       0x18 /tmp/ccDLKjnO.o
                0x000000000040e950                vtable for Acidrain::MeshNode
 .rodata.cst4   0x0000000000000000        0x4 /tmp/ccDLKjnO.o
 *fill*         0x000000000040e968        0x8 
 .rodata._ZTVSt15_Sp_counted_ptrIPN8Acidrain9SceneTreeELN9__gnu_cxx12_Lock_policyE2EE
                0x000000000040e970       0x38 /tmp/ccKCnGop.o
                0x000000000040e970                vtable for std::_Sp_counted_ptr<Acidrain::SceneTree*, (__gnu_cxx::_Lock_policy)2>
 *fill*         0x000000000040e9a8        0x8 
 .rodata._ZTVSt15_Sp_counted_ptrIPN8Acidrain8TimelineELN9__gnu_cxx12_Lock_policyE2EE
                0x000000000040e9b0       0x38 /tmp/ccKCnGop.o
                0x000000000040e9b0                vtable for std::_Sp_counted_ptr<Acidrain::Timeline*, (__gnu_cxx::_Lock_policy)2>
 .rodata.str1.1
                0x0000000000000000       0x69 /tmp/ccB6AxC3.o
 *fill*         0x000000000040e9e8        0x8 
 .rodata        0x000000000040e9f0      0x1b0 /tmp/ccB6AxC3.o
 .rodata._ZTVN8Acidrain9SceneNodeE
                0x000000000040eba0       0x18 /tmp/ccB6AxC3.o
                0x000000000040eba0                vtable for Acidrain::SceneNode
 .rodata.cst4   0x0000000000000000        0x4 /tmp/ccB6AxC3.o
 .rodata.cst16  0x0000000000000000       0x10 /tmp/ccB6AxC3.o
 *fill*         0x000000000040ebb8        0x8 
 .rodata._ZTVN8Acidrain6ShaderE
                0x000000000040ebc0       0x20 /tmp/ccFvOTms.o
                0x000000000040ebc0                vtable for Acidrain::Shader
 .rodata.str1.1
                0x000000000040ebe0       0x40 /tmp/ccWE689c.o
                                         0x41 (size before relaxing)
 .rodata        0x000000000040ec20       0x40 /tmp/ccWE689c.o
 .rodata._ZTVN8Acidrain7TextureE
                0x000000000040ec60       0x20 /tmp/ccNDYeoY.o
                0x000000000040ec60                vtable for Acidrain::Texture
 .rodata.cst4   0x000000000040ec80        0x4 /tmp/ccNDYeoY.o
 *fill*         0x000000000040ec84        0xc 
 .rodata._ZTVN8Acidrain16TextureGeneratorE
                0x000000000040ec90       0x20 /tmp/ccr5NhtM.o
                0x000000000040ec90                vtable for Acidrain::TextureGenerator
 .rodata.cst4   0x0000000000000000        0x4 /tmp/ccr5NhtM.o
 .rodata.cst8   0x0000000000000000        0x8 /tmp/ccr5NhtM.o
 .rodata.cst8   0x000000000040ecb0        0x8 /tmp/cc848Nyt.o
 *fill*         0x000000000040ecb8        0x8 
 .rodata._ZTVN8Acidrain9Vec3TrackE
                0x000000000040ecc0       0x20 /tmp/ccvJHMkm.o
                0x000000000040ecc0                vtable for Acidrain::Vec3Track
 .rodata.str1.1
                0x000000000040ece0       0x16 /tmp/cc2bLVOh.o
 *fill*         0x000000000040ecf6        0xa 
 .rodata._ZTVN8Acidrain6WindowE
                0x000000000040ed00       0x20 /tmp/cc2bLVOh.o
                0x000000000040ed00                vtable for Acidrain::Window
 .rodata.str1.1
                0x000000000040ed20      0x7c7 /tmp/ccY01fAg.o
 *fill*         0x000000000040f4e7        0x1 
 .rodata.cst8   0x000000000040f4e8        0x8 /tmp/ccY01fAg.o

.rodata1
 *(.rodata1)

.eh_frame_hdr   0x000000000040f4f0      0x6ac
 *(.eh_frame_hdr)
 .eh_frame_hdr  0x000000000040f4f0      0x6ac /usr/lib/gcc/x86_64-linux-gnu/4.8/../../../x86_64-linux-gnu/crt1.o

.eh_frame       0x000000000040fba0     0x1fcc
 *(.eh_frame)
 .eh_frame      0x000000000040fba0       0x30 /usr/lib/gcc/x86_64-linux-gnu/4.8/../../../x86_64-linux-gnu/crt1.o
 .eh_frame      0x000000000040fbd0       0x40 /usr/lib/gcc/x86_64-linux-gnu/4.8/../../../x86_64-linux-gnu/crt1.o
 .eh_frame      0x000000000040fc10      0x218 /tmp/ccF5kzN4.o
                                        0x208 (size before relaxing)
 .eh_frame      0x000000000040fe28      0x248 /tmp/cc1rt3w1.o
                                        0x228 (size before relaxing)
 .eh_frame      0x0000000000410070      0x138 /tmp/ccycVXf1.o
                                        0x170 (size before relaxing)
 .eh_frame      0x00000000004101a8       0x20 /tmp/ccHIzIF2.o
                                         0x38 (size before relaxing)
 .eh_frame      0x00000000004101c8      0x3c8 /tmp/ccUchMC7.o
 .eh_frame      0x0000000000410590       0x48 /tmp/cczZpT0e.o
                                         0x58 (size before relaxing)
 .eh_frame      0x00000000004105d8       0x90 /tmp/ccTMjAyp.o
                                         0xc0 (size before relaxing)
 .eh_frame      0x0000000000410668       0x18 /tmp/ccctfoYC.o
                                         0x30 (size before relaxing)
 .eh_frame      0x0000000000410680      0x198 /tmp/ccKEU15S.o
                                        0x1b8 (size before relaxing)
 .eh_frame      0x0000000000410818       0x30 /tmp/cc7tgVwb.o
                                         0x40 (size before relaxing)
 .eh_frame      0x0000000000410848       0x30 /tmp/ccyTl31v.o
                                         0x40 (size before relaxing)
 .eh_frame      0x0000000000410878       0x28 /tmp/ccH8fHPS.o
                                         0x50 (size before relaxing)
 .eh_frame      0x00000000004108a0       0xd0 /tmp/ccqccPfi.o
                                         0xd8 (size before relaxing)
 .eh_frame      0x0000000000410970       0xa0 /tmp/cc6mJ6rJ.o
                                         0xd0 (size before relaxing)
 .eh_frame      0x0000000000410a10      0x510 /tmp/ccipWmzf.o
                                        0x5c0 (size before relaxing)
 .eh_frame      0x0000000000410f20       0x20 /tmp/ccDLKjnO.o
                                         0x50 (size before relaxing)
 .eh_frame      0x0000000000410f40      0x180 /tmp/ccKCnGop.o
                                        0x1d0 (size before relaxing)
 .eh_frame      0x00000000004110c0      0x168 /tmp/ccB6AxC3.o
                                        0x230 (size before relaxing)
 .eh_frame      0x0000000000411228      0x1a0 /tmp/ccVsakkK.o
                                        0x1e0 (size before relaxing)
 .eh_frame      0x00000000004113c8      0x228 /tmp/ccFvOTms.o
 .eh_frame      0x00000000004115f0      0x108 /tmp/ccWE689c.o
                                        0x110 (size before relaxing)
 .eh_frame      0x00000000004116f8       0xd8 /tmp/ccNDYeoY.o
 .eh_frame      0x00000000004117d0      0x1d8 /tmp/ccr5NhtM.o
                                        0x288 (size before relaxing)
 .eh_frame      0x00000000004119a8       0x28 /tmp/ccQnmFSC.o
                                         0x40 (size before relaxing)
 .eh_frame      0x00000000004119d0       0x60 /tmp/cc848Nyt.o
                                         0x70 (size before relaxing)
 .eh_frame      0x0000000000411a30       0x30 /tmp/ccvJHMkm.o
                                         0x40 (size before relaxing)
 .eh_frame      0x0000000000411a60       0x90 /tmp/cc2bLVOh.o
                                         0x98 (size before relaxing)
 .eh_frame      0x0000000000411af0       0x18 /tmp/ccY01fAg.o
                                         0x30 (size before relaxing)
 .eh_frame      0x0000000000411b08       0x60 /usr/lib/x86_64-linux-gnu/libc_nonshared.a(elf-init.oS)
                                         0x78 (size before relaxing)
 .eh_frame      0x0000000000411b68        0x4 /usr/lib/gcc/x86_64-linux-gnu/4.8/crtend.o

.gcc_except_table
 *(.gcc_except_table .gcc_except_table.*)

.exception_ranges
 *(.exception_ranges .exception_ranges*)
                0x0000000000411b6c                . = (ALIGN (0x200000) - ((0x200000 - .) & 0x1fffff))
                0x0000000000611da4                . = DATA_SEGMENT_ALIGN (0x200000, 0x1000)

.eh_frame
 *(.eh_frame)

.gcc_except_table
 *(.gcc_except_table .gcc_except_table.*)

.exception_ranges
 *(.exception_ranges .exception_ranges*)

.tdata
 *(.tdata .tdata.* .gnu.linkonce.td.*)

.tbss
 *(.tbss .tbss.* .gnu.linkonce.tb.*)
 *(.tcommon)

.preinit_array  0x0000000000611da4        0x0
                0x0000000000611da4                PROVIDE (__preinit_array_start, .)
 *(.preinit_array)
                0x0000000000611da4                PROVIDE (__preinit_array_end, .)

.init_array     0x0000000000611da8       0x20
                0x0000000000611da8                PROVIDE (__init_array_start, .)
 *(SORT(.init_array.*) SORT(.ctors.*))
 *(.init_array EXCLUDE_FILE(*crtend?.o *crtend.o *crtbegin?.o *crtbegin.o) .ctors)
 .init_array    0x0000000000611da8        0x8 /usr/lib/gcc/x86_64-linux-gnu/4.8/crtbegin.o
 .init_array    0x0000000000611db0        0x8 /tmp/ccycVXf1.o
 .init_array    0x0000000000611db8        0x8 /tmp/ccctfoYC.o
 .init_array    0x0000000000611dc0        0x8 /tmp/ccipWmzf.o
                0x0000000000611dc8                PROVIDE (__init_array_end, .)

.fini_array     0x0000000000611dc8        0x8
                0x0000000000611dc8                PROVIDE (__fini_array_start, .)
 *(SORT(.fini_array.*) SORT(.dtors.*))
 *(.fini_array EXCLUDE_FILE(*crtend?.o *crtend.o *crtbegin?.o *crtbegin.o) .dtors)
 .fini_array    0x0000000000611dc8        0x8 /usr/lib/gcc/x86_64-linux-gnu/4.8/crtbegin.o
                0x0000000000611dd0                PROVIDE (__fini_array_end, .)

.ctors
 *crtbegin.o(.ctors)
 *crtbegin?.o(.ctors)
 *(EXCLUDE_FILE(*crtend?.o *crtend.o) .ctors)
 *(SORT(.ctors.*))
 *(.ctors)

.dtors
 *crtbegin.o(.dtors)
 *crtbegin?.o(.dtors)
 *(EXCLUDE_FILE(*crtend?.o *crtend.o) .dtors)
 *(SORT(.dtors.*))
 *(.dtors)

.jcr            0x0000000000611dd0        0x8
 *(.jcr)
 .jcr           0x0000000000611dd0        0x0 /usr/lib/gcc/x86_64-linux-gnu/4.8/crtbegin.o
 .jcr           0x0000000000611dd0        0x8 /usr/lib/gcc/x86_64-linux-gnu/4.8/crtend.o

.data.rel.ro
 *(.data.rel.ro.local* .gnu.linkonce.d.rel.ro.local.*)
 *(.data.rel.ro .data.rel.ro.* .gnu.linkonce.d.rel.ro.*)

.dynamic        0x0000000000611dd8      0x220
 *(.dynamic)
 .dynamic       0x0000000000611dd8      0x220 /usr/lib/gcc/x86_64-linux-gnu/4.8/../../../x86_64-linux-gnu/crt1.o
                0x0000000000611dd8                _DYNAMIC

.got            0x0000000000611ff8        0x8
 *(.got)
 .got           0x0000000000611ff8        0x8 /usr/lib/gcc/x86_64-linux-gnu/4.8/../../../x86_64-linux-gnu/crt1.o
 *(.igot)
                0x0000000000612fe8                . = DATA_SEGMENT_RELRO_END (., (SIZEOF (.got.plt) >= 0x18)?0x18:0x0)

.got.plt        0x0000000000612000      0x230
 *(.got.plt)
 .got.plt       0x0000000000612000      0x230 /usr/lib/gcc/x86_64-linux-gnu/4.8/../../../x86_64-linux-gnu/crt1.o
                0x0000000000612000                _GLOBAL_OFFSET_TABLE_
 *(.igot.plt)
 .igot.plt      0x0000000000000000        0x0 /usr/lib/gcc/x86_64-linux-gnu/4.8/../../../x86_64-linux-gnu/crt1.o

.data           0x0000000000612230       0x48
 *(.data .data.* .gnu.linkonce.d.*)
 .data          0x0000000000612230        0x4 /usr/lib/gcc/x86_64-linux-gnu/4.8/../../../x86_64-linux-gnu/crt1.o
                0x0000000000612230                data_start
                0x0000000000612230                __data_start